Archive member included to satisfy reference by file (symbol)

C:/toolchains/arm-gnu-toolchain-15.2.rel1-mingw-w64-i686-arm-none-eabi/bin/../lib/gcc/arm-none-eabi/15.2.1/../../../../arm-none-eabi/lib/thumb/v7e-m+fp/hard\libc_nano.a(libc_a-exit.o)
                              C:/toolchains/arm-gnu-toolchain-15.2.rel1-mingw-w64-i686-arm-none-eabi/bin/../lib/gcc/arm-none-eabi/15.2.1/../../../../arm-none-eabi/lib/thumb/v7e-m+fp/hard/crt0.o (exit)
C:/toolchains/arm-gnu-toolchain-15.2.rel1-mingw-w64-i686-arm-none-eabi/bin/../lib/gcc/arm-none-eabi/15.2.1/../../../../arm-none-eabi/lib/thumb/v7e-m+fp/hard\libc_nano.a(libc_a-findfp.o)
                              C:/toolchains/arm-gnu-toolchain-15.2.rel1-mingw-w64-i686-arm-none-eabi/bin/../lib/gcc/arm-none-eabi/15.2.1/../../../../arm-none-eabi/lib/thumb/v7e-m+fp/hard\libc_nano.a(libc_a-exit.o) (__stdio_exit_handler)
C:/toolchains/arm-gnu-toolchain-15.2.rel1-mingw-w64-i686-arm-none-eabi/bin/../lib/gcc/arm-none-eabi/15.2.1/../../../../arm-none-eabi/lib/thumb/v7e-m+fp/hard\libc_nano.a(libc_a-fwalk.o)
                              C:/toolchains/arm-gnu-toolchain-15.2.rel1-mingw-w64-i686-arm-none-eabi/bin/../lib/gcc/arm-none-eabi/15.2.1/../../../../arm-none-eabi/lib/thumb/v7e-m+fp/hard\libc_nano.a(libc_a-findfp.o) (_fwalk_sglue)
C:/toolchains/arm-gnu-toolchain-15.2.rel1-mingw-w64-i686-arm-none-eabi/bin/../lib/gcc/arm-none-eabi/15.2.1/../../../../arm-none-eabi/lib/thumb/v7e-m+fp/hard\libc_nano.a(libc_a-snprintf.o)
                              CMakeFiles/satellite_fc.elf.dir/FreeRTOS/Source/tasks.c.obj (snprintf)
C:/toolchains/arm-gnu-toolchain-15.2.rel1-mingw-w64-i686-arm-none-eabi/bin/../lib/gcc/arm-none-eabi/15.2.1/../../../../arm-none-eabi/lib/thumb/v7e-m+fp/hard\libc_nano.a(libc_a-stdio.o)
                              C:/toolchains/arm-gnu-toolchain-15.2.rel1-mingw-w64-i686-arm-none-eabi/bin/../lib/gcc/arm-none-eabi/15.2.1/../../../../arm-none-eabi/lib/thumb/v7e-m+fp/hard\libc_nano.a(libc_a-findfp.o) (__sread)
C:/toolchains/arm-gnu-toolchain-15.2.rel1-mingw-w64-i686-arm-none-eabi/bin/../lib/gcc/arm-none-eabi/15.2.1/../../../../arm-none-eabi/lib/thumb/v7e-m+fp/hard\libc_nano.a(libc_a-vsnprintf.o)
                              CMakeFiles/satellite_fc.elf.dir/src/drivers/uart_driver.c.obj (vsnprintf)
C:/toolchains/arm-gnu-toolchain-15.2.rel1-mingw-w64-i686-arm-none-eabi/bin/../lib/gcc/arm-none-eabi/15.2.1/../../../../arm-none-eabi/lib/thumb/v7e-m+fp/hard\libc_nano.a(libc_a-memset.o)
                              C:/toolchains/arm-gnu-toolchain-15.2.rel1-mingw-w64-i686-arm-none-eabi/bin/../lib/gcc/arm-none-eabi/15.2.1/../../../../arm-none-eabi/lib/thumb/v7e-m+fp/hard/crt0.o (memset)
C:/toolchains/arm-gnu-toolchain-15.2.rel1-mingw-w64-i686-arm-none-eabi/bin/../lib/gcc/arm-none-eabi/15.2.1/../../../../arm-none-eabi/lib/thumb/v7e-m+fp/hard\libc_nano.a(libc_a-stpcpy.o)
                              CMakeFiles/satellite_fc.elf.dir/FreeRTOS/Source/tasks.c.obj (stpcpy)
C:/toolchains/arm-gnu-toolchain-15.2.rel1-mingw-w64-i686-arm-none-eabi/bin/../lib/gcc/arm-none-eabi/15.2.1/../../../../arm-none-eabi/lib/thumb/v7e-m+fp/hard\libc_nano.a(libc_a-closer.o)
                              C:/toolchains/arm-gnu-toolchain-15.2.rel1-mingw-w64-i686-arm-none-eabi/bin/../lib/gcc/arm-none-eabi/15.2.1/../../../../arm-none-eabi/lib/thumb/v7e-m+fp/hard\libc_nano.a(libc_a-stdio.o) (_close_r)
C:/toolchains/arm-gnu-toolchain-15.2.rel1-mingw-w64-i686-arm-none-eabi/bin/../lib/gcc/arm-none-eabi/15.2.1/../../../../arm-none-eabi/lib/thumb/v7e-m+fp/hard\libc_nano.a(libc_a-reent.o)
                              C:/toolchains/arm-gnu-toolchain-15.2.rel1-mingw-w64-i686-arm-none-eabi/bin/../lib/gcc/arm-none-eabi/15.2.1/../../../../arm-none-eabi/lib/thumb/v7e-m+fp/hard\libc_nano.a(libc_a-closer.o) (errno)
C:/toolchains/arm-gnu-toolchain-15.2.rel1-mingw-w64-i686-arm-none-eabi/bin/../lib/gcc/arm-none-eabi/15.2.1/../../../../arm-none-eabi/lib/thumb/v7e-m+fp/hard\libc_nano.a(libc_a-impure.o)
                              C:/toolchains/arm-gnu-toolchain-15.2.rel1-mingw-w64-i686-arm-none-eabi/bin/../lib/gcc/arm-none-eabi/15.2.1/../../../../arm-none-eabi/lib/thumb/v7e-m+fp/hard\libc_nano.a(libc_a-snprintf.o) (_impure_ptr)
C:/toolchains/arm-gnu-toolchain-15.2.rel1-mingw-w64-i686-arm-none-eabi/bin/../lib/gcc/arm-none-eabi/15.2.1/../../../../arm-none-eabi/lib/thumb/v7e-m+fp/hard\libc_nano.a(libc_a-lseekr.o)
                              C:/toolchains/arm-gnu-toolchain-15.2.rel1-mingw-w64-i686-arm-none-eabi/bin/../lib/gcc/arm-none-eabi/15.2.1/../../../../arm-none-eabi/lib/thumb/v7e-m+fp/hard\libc_nano.a(libc_a-stdio.o) (_lseek_r)
C:/toolchains/arm-gnu-toolchain-15.2.rel1-mingw-w64-i686-arm-none-eabi/bin/../lib/gcc/arm-none-eabi/15.2.1/../../../../arm-none-eabi/lib/thumb/v7e-m+fp/hard\libc_nano.a(libc_a-readr.o)
[...]
Memory Configuration

Name             Origin             Length             Attributes
*default*        0x00000000         0xffffffff

Linker script and memory map

LOAD C:/toolchains/arm-gnu-toolchain-15.2.rel1-mingw-w64-i686-arm-none-eabi/bin/../lib/gcc/arm-none-eabi/15.2.1/thumb/v7e-m+fp/hard/crti.o
LOAD C:/toolchains/arm-gnu-toolchain-15.2.rel1-mingw-w64-i686-arm-none-eabi/bin/../lib/gcc/arm-none-eabi/15.2.1/thumb/v7e-m+fp/hard/crtbegin.o
LOAD C:/toolchains/arm-gnu-toolchain-15.2.rel1-mingw-w64-i686-arm-none-eabi/bin/../lib/gcc/arm-none-eabi/15.2.1/../../../../arm-none-eabi/lib/thumb/v7e-m+fp/hard/crt0.o
LOAD CMakeFiles/satellite_fc.elf.dir/src/startup.c.obj
LOAD CMakeFiles/satellite_fc.elf.dir/src/main.c.obj
LOAD CMakeFiles/satellite_fc.elf.dir/src/tasks/adcs_task.c.obj
LOAD CMakeFiles/satellite_fc.elf.dir/src/tasks/telemetry_task.c.obj
LOAD CMakeFiles/satellite_fc.elf.dir/src/tasks/health_monitor.c.obj
LOAD CMakeFiles/satellite_fc.elf.dir/src/tasks/command_handler.c.obj
LOAD CMakeFiles/satellite_fc.elf.dir/src/drivers/uart_driver.c.obj
LOAD CMakeFiles/satellite_fc.elf.dir/src/drivers/watchdog.c.obj
LOAD CMakeFiles/satellite_fc.elf.dir/FreeRTOS/Source/tasks.c.obj
LOAD CMakeFiles/satellite_fc.elf.dir/FreeRTOS/Source/queue.c.obj
LOAD CMakeFiles/satellite_fc.elf.dir/FreeRTOS/Source/list.c.obj
LOAD CMakeFiles/satellite_fc.elf.dir/FreeRTOS/Source/event_groups.c.obj
LOAD CMakeFiles/satellite_fc.elf.dir/FreeRTOS/Source/timers.c.obj
LOAD CMakeFiles/satellite_fc.elf.dir/FreeRTOS/Source/portable/GCC/ARM_CM4F/port.c.obj
LOAD CMakeFiles/satellite_fc.elf.dir/FreeRTOS/Source/portable/MemMang/heap_4.c.obj
LOAD CMakeFiles/satellite_fc.elf.dir/src/syscalls.c.obj
LOAD C:/toolchains/arm-gnu-toolchain-15.2.rel1-mingw-w64-i686-arm-none-eabi/bin/../lib/gcc/arm-none-eabi/15.2.1/../../../../arm-none-eabi/lib/thumb/v7e-m+fp/hard\libc_nano.a
LOAD C:/toolchains/arm-gnu-toolchain-15.2.rel1-mingw-w64-i686-arm-none-eabi/bin/../lib/gcc/arm-none-eabi/15.2.1/../../../../arm-none-eabi/lib/thumb/v7e-m+fp/hard\libm.a
LOAD C:/toolchains/arm-gnu-toolchain-15.2.rel1-mingw-w64-i686-arm-none-eabi/bin/../lib/gcc/arm-none-eabi/15.2.1/thumb/v7e-m+fp/hard\libgcc.a
START GROUP
LOAD C:/toolchains/arm-gnu-toolchain-15.2.rel1-mingw-w64-i686-arm-none-eabi/bin/../lib/gcc/arm-none-eabi/15.2.1/thumb/v7e-m+fp/hard\libgcc.a
LOAD C:/toolchains/arm-gnu-toolchain-15.2.rel1-mingw-w64-i686-arm-none-eabi/bin/../lib/gcc/arm-none-eabi/15.2.1/../../../../arm-none-eabi/lib/thumb/v7e-m+fp/hard\libc_nano.a
END GROUP
START GROUP
LOAD C:/toolchains/arm-gnu-toolchain-15.2.rel1-mingw-w64-i686-arm-none-eabi/bin/../lib/gcc/arm-none-eabi/15.2.1/thumb/v7e-m+fp/hard\libgcc.a
LOAD C:/toolchains/arm-gnu-toolchain-15.2.rel1-mingw-w64-i686-arm-none-eabi/bin/../lib/gcc/arm-none-eabi/15.2.1/../../../../arm-none-eabi/lib/thumb/v7e-m+fp/hard\libc_nano.a
LOAD C:/toolchains/arm-gnu-toolchain-15.2.rel1-mingw-w64-i686-arm-none-eabi/bin/../lib/gcc/arm-none-eabi/15.2.1/../../../../arm-none-eabi/lib/thumb/v7e-m+fp/hard\libnosys.a
END GROUP
START GROUP
LOAD C:/toolchains/arm-gnu-toolchain-15.2.rel1-mingw-w64-i686-arm-none-eabi/bin/../lib/gcc/arm-none-eabi/15.2.1/thumb/v7e-m+fp/hard\libgcc.a
LOAD C:/toolchains/arm-gnu-toolchain-15.2.rel1-mingw-w64-i686-arm-none-eabi/bin/../lib/gcc/arm-none-eabi/15.2.1/../../../../arm-none-eabi/lib/thumb/v7e-m+fp/hard\libc_nano.a
LOAD C:/toolchains/arm-gnu-toolchain-15.2.rel1-mingw-w64-i686-arm-none-eabi/bin/../lib/gcc/arm-none-eabi/15.2.1/../../../../arm-none-eabi/lib/thumb/v7e-m+fp/hard\libnosys.a
END GROUP
LOAD C:/toolchains/arm-gnu-toolchain-15.2.rel1-mingw-w64-i686-arm-none-eabi/bin/../lib/gcc/arm-none-eabi/15.2.1/thumb/v7e-m+fp/hard/crtend.o
LOAD C:/toolchains/arm-gnu-toolchain-15.2.rel1-mingw-w64-i686-arm-none-eabi/bin/../lib/gcc/arm-none-eabi/15.2.1/thumb/v7e-m+fp/hard/crtn.o
                [!provide]                        PROVIDE (__executable_start = SEGMENT_START ("text-segment", 0x8000))
                0x00008000                        . = SEGMENT_START ("text-segment", 0x8000)

.note.gnu.build-id
 *(.note.gnu.build-id)

.interp
 *(.interp)

.hash
 *(.hash)

.gnu.hash
 *(.gnu.hash)

.dynsym
 *(.dynsym)

.dynstr
 *(.dynstr)

.gnu.version
 *(.gnu.version)

.gnu.version_d
 *(.gnu.version_d)

.gnu.version_r
 *(.gnu.version_r)

.rel.dyn        0x00008000        0x0
 *(.rel.init)
 *(.rel.text .rel.text.* .rel.gnu.linkonce.t.*)
 *(.rel.fini)
 *(.rel.rodata .rel.rodata.* .rel.gnu.linkonce.r.*)
 *(.rel.data.rel.ro .rel.data.rel.ro.* .rel.gnu.linkonce.d.rel.ro.*)
 *(.rel.data .rel.data.* .rel.gnu.linkonce.d.*)
 *(.rel.tdata .rel.tdata.* .rel.gnu.linkonce.td.*)
 *(.rel.tbss .rel.tbss.* .rel.gnu.linkonce.tb.*)
 *(.rel.ctors)
 *(.rel.dtors)
 *(.rel.got)
 *(.rel.bss .rel.bss.* .rel.gnu.linkonce.b.*)
                [!provide]                        PROVIDE (__rel_iplt_start = .)
 *(.rel.iplt)
 .rel.iplt      0x00008000        0x0 C:/toolchains/arm-gnu-toolchain-15.2.rel1-mingw-w64-i686-arm-none-eabi/bin/../lib/gcc/arm-none-eabi/15.2.1/thumb/v7e-m+fp/hard/crtbegin.o
                [!provide]                        PROVIDE (__rel_iplt_end = .)

.rela.dyn       0x00008000        0x0
 *(.rela.init)
 *(.rela.text .rela.text.* .rela.gnu.linkonce.t.*)
 *(.rela.fini)
 *(.rela.rodata .rela.rodata.* .rela.gnu.linkonce.r.*)
 *(.rela.data .rela.data.* .rela.gnu.linkonce.d.*)
 *(.rela.tdata .rela.tdata.* .rela.gnu.linkonce.td.*)
 *(.rela.tbss .rela.tbss.* .rela.gnu.linkonce.tb.*)
 *(.rela.ctors)
 *(.rela.dtors)
 *(.rela.got)
 *(.rela.bss .rela.bss.* .rela.gnu.linkonce.b.*)
                [!provide]                        PROVIDE (__rela_iplt_start = .)
 *(.rela.iplt)
                [!provide]                        PROVIDE (__rela_iplt_end = .)

.rel.plt
 *(.rel.plt)

.rela.plt
 *(.rela.plt)

.init           0x00008000        0xc
 *(SORT_NONE(.init))
 .init          0x00008000        0x4 C:/toolchains/arm-gnu-toolchain-15.2.rel1-mingw-w64-i686-arm-none-eabi/bin/../lib/gcc/arm-none-eabi/15.2.1/thumb/v7e-m+fp/hard/crti.o
                0x00008000                _init
 .init          0x00008004        0x8 C:/toolchains/arm-gnu-toolchain-15.2.rel1-mingw-w64-i686-arm-none-eabi/bin/../lib/gcc/arm-none-eabi/15.2.1/thumb/v7e-m+fp/hard/crtn.o

.plt
 *(.plt)

.iplt           0x0000800c        0x0
 *(.iplt)
 .iplt          0x0000800c        0x0 C:/toolchains/arm-gnu-toolchain-15.2.rel1-mingw-w64-i686-arm-none-eabi/bin/../lib/gcc/arm-none-eabi/15.2.1/thumb/v7e-m+fp/hard/crtbegin.o

.gnu.sgstubs
 *(.gnu.sgstubs*)

.text           0x00008010     0x409c
 *(.text.unlikely .text.*_unlikely .text.unlikely.*)
 *(.text.exit .text.exit.*)
 .text.exit     0x00008010       0x24 C:/toolchains/arm-gnu-toolchain-15.2.rel1-mingw-w64-i686-arm-none-eabi/bin/../lib/gcc/arm-none-eabi/15.2.1/../../../../arm-none-eabi/lib/thumb/v7e-m+fp/hard\libc_nano.a(libc_a-exit.o)
                0x00008010                exit
 *(.text.startup .text.startup.*)
 .text.startup.main
                0x00008034      0x154 CMakeFiles/satellite_fc.elf.dir/src/main.c.obj
                0x00008034                main
 *(.text.hot .text.hot.*)
 *(SORT_BY_NAME(.text.sorted.*))
 *(.text .stub .text.* .gnu.linkonce.t.*)
 .text.deregister_tm_clones
                0x00008188       0x1c C:/toolchains/arm-gnu-toolchain-15.2.rel1-mingw-w64-i686-arm-none-eabi/bin/../lib/gcc/arm-none-eabi/15.2.1/thumb/v7e-m+fp/hard/crtbegin.o
 .text.register_tm_clones
                0x000081a4       0x24 C:/toolchains/arm-gnu-toolchain-15.2.rel1-mingw-w64-i686-arm-none-eabi/bin/../lib/gcc/arm-none-eabi/15.2.1/thumb/v7e-m+fp/hard/crtbegin.o
 .text.__do_global_dtors_aux
                0x000081c8       0x28 C:/toolchains/arm-gnu-toolchain-15.2.rel1-mingw-w64-i686-arm-none-eabi/bin/../lib/gcc/arm-none-eabi/15.2.1/thumb/v7e-m+fp/hard/crtbegin.o
 .text.frame_dummy
                0x000081f0       0x24 C:/toolchains/arm-gnu-toolchain-15.2.rel1-mingw-w64-i686-arm-none-eabi/bin/../lib/gcc/arm-none-eabi/15.2.1/thumb/v7e-m+fp/hard/crtbegin.o
 .text          0x00008214       0x7c C:/toolchains/arm-gnu-toolchain-15.2.rel1-mingw-w64-i686-arm-none-eabi/bin/../lib/gcc/arm-none-eabi/15.2.1/../../../../arm-none-eabi/lib/thumb/v7e-m+fp/hard/crt0.o
                0x00008214                _stack_init
                0x0000821c                _start
                0x0000821c                _mainCRTStartup
 .text.vApplicationIdleHook
                0x00008290        0x4 CMakeFiles/satellite_fc.elf.dir/src/main.c.obj
                0x00008290                vApplicationIdleHook
 .text.vApplicationStackOverflowHook
                0x00008294       0x10 CMakeFiles/satellite_fc.elf.dir/src/main.c.obj
                0x00008294                vApplicationStackOverflowHook
 .text.vApplicationMallocFailedHook
                0x000082a4       0x10 CMakeFiles/satellite_fc.elf.dir/src/main.c.obj
                0x000082a4                vApplicationMallocFailedHook
 .text.adcs_task
                0x000082b4      0x1c8 CMakeFiles/satellite_fc.elf.dir/src/tasks/adcs_task.c.obj
                0x000082b4                adcs_task
 .text.telemetry_task
                0x0000847c       0xb8 CMakeFiles/satellite_fc.elf.dir/src/tasks/telemetry_task.c.obj
                0x0000847c                telemetry_task
 .text.health_monitor_task
                0x00008534       0xac CMakeFiles/satellite_fc.elf.dir/src/tasks/health_monitor.c.obj
                0x00008534                health_monitor_task
 .text.command_handler_task
                0x000085e0      0x108 CMakeFiles/satellite_fc.elf.dir/src/tasks/command_handler.c.obj
                0x000085e0                command_handler_task
 .text.uart_init
                0x000086e8       0x50 CMakeFiles/satellite_fc.elf.dir/src/drivers/uart_driver.c.obj
                0x000086e8                uart_init
 .text.uart_puts
                0x00008738       0x1c CMakeFiles/satellite_fc.elf.dir/src/drivers/uart_driver.c.obj
                0x00008738                uart_puts
 .text.uart_printf
                0x00008754       0x6c CMakeFiles/satellite_fc.elf.dir/src/drivers/uart_driver.c.obj
                0x00008754                uart_printf
 .text.uart_write_bytes
                0x000087c0       0x60 CMakeFiles/satellite_fc.elf.dir/src/drivers/uart_driver.c.obj
                0x000087c0                uart_write_bytes
 .text.uart_getc
                0x00008820       0x38 CMakeFiles/satellite_fc.elf.dir/src/drivers/uart_driver.c.obj
                0x00008820                uart_getc
 .text.wdt_expire_cb
                0x00008858       0x20 CMakeFiles/satellite_fc.elf.dir/src/drivers/watchdog.c.obj
 .text.watchdog_init
                0x00008878       0x54 CMakeFiles/satellite_fc.elf.dir/src/drivers/watchdog.c.obj
                0x00008878                watchdog_init
 .text.watchdog_kick
                0x000088cc       0x24 CMakeFiles/satellite_fc.elf.dir/src/drivers/watchdog.c.obj
                0x000088cc                watchdog_kick
 .text.prvAddCurrentTaskToDelayedList
                0x000088f0       0xcc CMakeFiles/satellite_fc.elf.dir/FreeRTOS/Source/tasks.c.obj
 .text.prvCheckTasksWaitingTermination
                0x000089bc       0x4c CMakeFiles/satellite_fc.elf.dir/FreeRTOS/Source/tasks.c.obj
 .text.prvIdleTask
                0x00008a08       0x2c CMakeFiles/satellite_fc.elf.dir/FreeRTOS/Source/tasks.c.obj
 .text.xTaskIncrementTick.part.0
                0x00008a34      0x1b8 CMakeFiles/satellite_fc.elf.dir/FreeRTOS/Source/tasks.c.obj
 .text.xTaskResumeAll.part.0
                0x00008bec      0x194 CMakeFiles/satellite_fc.elf.dir/FreeRTOS/Source/tasks.c.obj
 .text.xTaskCreate
                0x00008d80      0x208 CMakeFiles/satellite_fc.elf.dir/FreeRTOS/Source/tasks.c.obj
                0x00008d80                xTaskCreate
 .text.xTaskDelayUntil
                0x00008f88       0xc4 CMakeFiles/satellite_fc.elf.dir/FreeRTOS/Source/tasks.c.obj
                0x00008f88                xTaskDelayUntil
 .text.vTaskDelay
                0x0000904c       0x6c CMakeFiles/satellite_fc.elf.dir/FreeRTOS/Source/tasks.c.obj
                0x0000904c                vTaskDelay
 .text.vTaskStartScheduler
                0x000090b8       0x90 CMakeFiles/satellite_fc.elf.dir/FreeRTOS/Source/tasks.c.obj
                0x000090b8                vTaskStartScheduler
 .text.vTaskSuspendAll
                0x00009148       0x10 CMakeFiles/satellite_fc.elf.dir/FreeRTOS/Source/tasks.c.obj
                0x00009148                vTaskSuspendAll
 .text.xTaskResumeAll
                0x00009158       0x2c CMakeFiles/satellite_fc.elf.dir/FreeRTOS/Source/tasks.c.obj
                0x00009158                xTaskResumeAll
 .text.xTaskGetTickCount
                0x00009184        0xc CMakeFiles/satellite_fc.elf.dir/FreeRTOS/Source/tasks.c.obj
                0x00009184                xTaskGetTickCount
 .text.vTaskSwitchContext
                0x00009190       0xbc CMakeFiles/satellite_fc.elf.dir/FreeRTOS/Source/tasks.c.obj
                0x00009190                vTaskSwitchContext
 .text.vTaskPlaceOnEventList
                0x0000924c       0x34 CMakeFiles/satellite_fc.elf.dir/FreeRTOS/Source/tasks.c.obj
                0x0000924c                vTaskPlaceOnEventList
 .text.vTaskPlaceOnEventListRestricted
                0x00009280       0x70 CMakeFiles/satellite_fc.elf.dir/FreeRTOS/Source/tasks.c.obj
                0x00009280                vTaskPlaceOnEventListRestricted
 .text.xTaskRemoveFromEventList
                0x000092f0      0x104 CMakeFiles/satellite_fc.elf.dir/FreeRTOS/Source/tasks.c.obj
                0x000092f0                xTaskRemoveFromEventList
 .text.vTaskInternalSetTimeOutState
                0x000093f4       0x18 CMakeFiles/satellite_fc.elf.dir/FreeRTOS/Source/tasks.c.obj
                0x000093f4                vTaskInternalSetTimeOutState
 .text.xTaskCheckForTimeOut
                0x0000940c       0x94 CMakeFiles/satellite_fc.elf.dir/FreeRTOS/Source/tasks.c.obj
                0x0000940c                xTaskCheckForTimeOut
 .text.vTaskMissedYield
                0x000094a0        0xc CMakeFiles/satellite_fc.elf.dir/FreeRTOS/Source/tasks.c.obj
                0x000094a0                vTaskMissedYield
 .text.uxTaskGetStackHighWaterMark
                0x000094ac       0x44 CMakeFiles/satellite_fc.elf.dir/FreeRTOS/Source/tasks.c.obj
                0x000094ac                uxTaskGetStackHighWaterMark
 .text.xTaskGetSchedulerState
                0x000094f0       0x20 CMakeFiles/satellite_fc.elf.dir/FreeRTOS/Source/tasks.c.obj
                0x000094f0                xTaskGetSchedulerState
 .text.xTaskPriorityInherit
                0x00009510       0xc8 CMakeFiles/satellite_fc.elf.dir/FreeRTOS/Source/tasks.c.obj
                0x00009510                xTaskPriorityInherit
 .text.xTaskPriorityDisinherit
                0x000095d8       0xbc CMakeFiles/satellite_fc.elf.dir/FreeRTOS/Source/tasks.c.obj
                0x000095d8                xTaskPriorityDisinherit
 .text.vTaskPriorityDisinheritAfterTimeout
                0x00009694       0xd8 CMakeFiles/satellite_fc.elf.dir/FreeRTOS/Source/tasks.c.obj
                0x00009694                vTaskPriorityDisinheritAfterTimeout
 .text.pvTaskIncrementMutexHeldCount
                0x0000976c       0x14 CMakeFiles/satellite_fc.elf.dir/FreeRTOS/Source/tasks.c.obj
                0x0000976c                pvTaskIncrementMutexHeldCount
 .text.prvCopyDataToQueue
                0x00009780       0x7c CMakeFiles/satellite_fc.elf.dir/FreeRTOS/Source/queue.c.obj
 .text.prvUnlockQueue
                0x000097fc       0x80 CMakeFiles/satellite_fc.elf.dir/FreeRTOS/Source/queue.c.obj
 .text.xQueueGenericReset
                0x0000987c       0xb0 CMakeFiles/satellite_fc.elf.dir/FreeRTOS/Source/queue.c.obj
                0x0000987c                xQueueGenericReset
 .text.xQueueGenericCreate
                0x0000992c       0x60 CMakeFiles/satellite_fc.elf.dir/FreeRTOS/Source/queue.c.obj
                0x0000992c                xQueueGenericCreate
 .text.xQueueGenericSend
                0x0000998c      0x184 CMakeFiles/satellite_fc.elf.dir/FreeRTOS/Source/queue.c.obj
                0x0000998c                xQueueGenericSend
 .text.xQueueCreateMutex
                0x00009b10       0x38 CMakeFiles/satellite_fc.elf.dir/FreeRTOS/Source/queue.c.obj
                0x00009b10                xQueueCreateMutex
 .text.xQueueReceive
                0x00009b48      0x180 CMakeFiles/satellite_fc.elf.dir/FreeRTOS/Source/queue.c.obj
                0x00009b48                xQueueReceive
 .text.xQueueSemaphoreTake
                0x00009cc8      0x198 CMakeFiles/satellite_fc.elf.dir/FreeRTOS/Source/queue.c.obj
                0x00009cc8                xQueueSemaphoreTake
 .text.vQueueWaitForMessageRestricted
                0x00009e60       0x50 CMakeFiles/satellite_fc.elf.dir/FreeRTOS/Source/queue.c.obj
                0x00009e60                vQueueWaitForMessageRestricted
 .text.vListInitialise
                0x00009eb0       0x18 CMakeFiles/satellite_fc.elf.dir/FreeRTOS/Source/list.c.obj
                0x00009eb0                vListInitialise
 .text.vListInitialiseItem
                0x00009ec8        0x8 CMakeFiles/satellite_fc.elf.dir/FreeRTOS/Source/list.c.obj
                0x00009ec8                vListInitialiseItem
 .text.vListInsert
                0x00009ed0       0x38 CMakeFiles/satellite_fc.elf.dir/FreeRTOS/Source/list.c.obj
                0x00009ed0                vListInsert
 .text.uxListRemove
                0x00009f08       0x24 CMakeFiles/satellite_fc.elf.dir/FreeRTOS/Source/list.c.obj
                0x00009f08                uxListRemove
 .text.prvCheckForValidListAndQueue
                0x00009f2c       0x60 CMakeFiles/satellite_fc.elf.dir/FreeRTOS/Source/timers.c.obj
 .text.prvProcessExpiredTimer
                0x00009f8c       0x90 CMakeFiles/satellite_fc.elf.dir/FreeRTOS/Source/timers.c.obj
 .text.prvTimerTask
                0x0000a01c      0x240 CMakeFiles/satellite_fc.elf.dir/FreeRTOS/Source/timers.c.obj
 .text.xTimerCreateTimerTask
                0x0000a25c       0x4c CMakeFiles/satellite_fc.elf.dir/FreeRTOS/Source/timers.c.obj
                0x0000a25c                xTimerCreateTimerTask
 .text.xTimerCreate
                0x0000a2a8       0x60 CMakeFiles/satellite_fc.elf.dir/FreeRTOS/Source/timers.c.obj
                0x0000a2a8                xTimerCreate
 .text.xTimerGenericCommandFromTask
                0x0000a308       0x50 CMakeFiles/satellite_fc.elf.dir/FreeRTOS/Source/timers.c.obj
                0x0000a308                xTimerGenericCommandFromTask
 .text.vPortSVCHandler
                0x0000a358       0x20 CMakeFiles/satellite_fc.elf.dir/FreeRTOS/Source/portable/GCC/ARM_CM4F/port.c.obj
                0x0000a358                vPortSVCHandler
 .text.prvPortStartFirstTask
                0x0000a378       0x28 CMakeFiles/satellite_fc.elf.dir/FreeRTOS/Source/portable/GCC/ARM_CM4F/port.c.obj
 .text.xPortPendSVHandler
                0x0000a3a0       0x5c CMakeFiles/satellite_fc.elf.dir/FreeRTOS/Source/portable/GCC/ARM_CM4F/port.c.obj
                0x0000a3a0                xPortPendSVHandler
 .text.vPortEnableVFP
                0x0000a3fc       0x14 CMakeFiles/satellite_fc.elf.dir/FreeRTOS/Source/portable/GCC/ARM_CM4F/port.c.obj
 .text.prvTaskExitError
                0x0000a410       0x40 CMakeFiles/satellite_fc.elf.dir/FreeRTOS/Source/portable/GCC/ARM_CM4F/port.c.obj
 .text.pxPortInitialiseStack
                0x0000a450       0x24 CMakeFiles/satellite_fc.elf.dir/FreeRTOS/Source/portable/GCC/ARM_CM4F/port.c.obj
                0x0000a450                pxPortInitialiseStack
 .text.vPortEnterCritical
                0x0000a474       0x44 CMakeFiles/satellite_fc.elf.dir/FreeRTOS/Source/portable/GCC/ARM_CM4F/port.c.obj
                0x0000a474                vPortEnterCritical
 .text.vPortExitCritical
                0x0000a4b8       0x28 CMakeFiles/satellite_fc.elf.dir/FreeRTOS/Source/portable/GCC/ARM_CM4F/port.c.obj
                0x0000a4b8                vPortExitCritical
 .text.vPortSetupTimerInterrupt
                0x0000a4e0       0x18 CMakeFiles/satellite_fc.elf.dir/FreeRTOS/Source/portable/GCC/ARM_CM4F/port.c.obj
                0x0000a4e0                vPortSetupTimerInterrupt
 .text.xPortStartScheduler
                0x0000a4f8      0x188 CMakeFiles/satellite_fc.elf.dir/FreeRTOS/Source/portable/GCC/ARM_CM4F/port.c.obj
                0x0000a4f8                xPortStartScheduler
 .text.pvPortMalloc
                0x0000a680      0x1bc CMakeFiles/satellite_fc.elf.dir/FreeRTOS/Source/portable/MemMang/heap_4.c.obj
                0x0000a680                pvPortMalloc
 .text.vPortFree
                0x0000a83c      0x130 CMakeFiles/satellite_fc.elf.dir/FreeRTOS/Source/portable/MemMang/heap_4.c.obj
                0x0000a83c                vPortFree
 .text._sbrk    0x0000a96c       0x1c CMakeFiles/satellite_fc.elf.dir/src/syscalls.c.obj
                0x0000a96c                _sbrk
 .text._vsnprintf_r
                0x0000a988       0x50 C:/toolchains/arm-gnu-toolchain-15.2.rel1-mingw-w64-i686-arm-none-eabi/bin/../lib/gcc/arm-none-eabi/15.2.1/../../../../arm-none-eabi/lib/thumb/v7e-m+fp/hard\libc_nano.a(libc_a-vsnprintf.o)
                0x0000a988                _vsniprintf_r
                0x0000a988                _vsnprintf_r
 .text.vsnprintf
                0x0000a9d8       0x1c C:/toolchains/arm-gnu-toolchain-15.2.rel1-mingw-w64-i686-arm-none-eabi/bin/../lib/gcc/arm-none-eabi/15.2.1/../../../../arm-none-eabi/lib/thumb/v7e-m+fp/hard\libc_nano.a(libc_a-vsnprintf.o)
                0x0000a9d8                vsniprintf
                0x0000a9d8                vsnprintf
 .text.memset   0x0000a9f4       0x10 C:/toolchains/arm-gnu-toolchain-15.2.rel1-mingw-w64-i686-arm-none-eabi/bin/../lib/gcc/arm-none-eabi/15.2.1/../../../../arm-none-eabi/lib/thumb/v7e-m+fp/hard\libc_nano.a(libc_a-memset.o)
                0x0000a9f4                memset
 .text.__libc_init_array
                0x0000aa04       0x48 C:/toolchains/arm-gnu-toolchain-15.2.rel1-mingw-w64-i686-arm-none-eabi/bin/../lib/gcc/arm-none-eabi/15.2.1/../../../../arm-none-eabi/lib/thumb/v7e-m+fp/hard\libc_nano.a(libc_a-init.o)
                0x0000aa04                __libc_init_array
 .text.__retarget_lock_acquire_recursive
                0x0000aa4c        0x2 C:/toolchains/arm-gnu-toolchain-15.2.rel1-mingw-w64-i686-arm-none-eabi/bin/../lib/gcc/arm-none-eabi/15.2.1/../../../../arm-none-eabi/lib/thumb/v7e-m+fp/hard\libc_nano.a(libc_a-lock.o)
                0x0000aa4c                __retarget_lock_acquire_recursive
 .text.__retarget_lock_release_recursive
                0x0000aa4e        0x2 C:/toolchains/arm-gnu-toolchain-15.2.rel1-mingw-w64-i686-arm-none-eabi/bin/../lib/gcc/arm-none-eabi/15.2.1/../../../../arm-none-eabi/lib/thumb/v7e-m+fp/hard\libc_nano.a(libc_a-lock.o)
                0x0000aa4e                __retarget_lock_release_recursive
 .text.memcpy   0x0000aa50       0x1c C:/toolchains/arm-gnu-toolchain-15.2.rel1-mingw-w64-i686-arm-none-eabi/bin/../lib/gcc/arm-none-eabi/15.2.1/../../../../arm-none-eabi/lib/thumb/v7e-m+fp/hard\libc_nano.a(libc_a-memcpy-stub.o)
                0x0000aa50                memcpy
 .text._free_r  0x0000aa6c       0x98 C:/toolchains/arm-gnu-toolchain-15.2.rel1-mingw-w64-i686-arm-none-eabi/bin/../lib/gcc/arm-none-eabi/15.2.1/../../../../arm-none-eabi/lib/thumb/v7e-m+fp/hard\libc_nano.a(libc_a-freer.o)
                0x0000aa6c                _free_r
 .text.sbrk_aligned
                0x0000ab04       0x44 C:/toolchains/arm-gnu-toolchain-15.2.rel1-mingw-w64-i686-arm-none-eabi/bin/../lib/gcc/arm-none-eabi/15.2.1/../../../../arm-none-eabi/lib/thumb/v7e-m+fp/hard\libc_nano.a(libc_a-mallocr.o)
 .text._malloc_r
                0x0000ab48       0xf8 C:/toolchains/arm-gnu-toolchain-15.2.rel1-mingw-w64-i686-arm-none-eabi/bin/../lib/gcc/arm-none-eabi/15.2.1/../../../../arm-none-eabi/lib/thumb/v7e-m+fp/hard\libc_nano.a(libc_a-mallocr.o)
                0x0000ab48                _malloc_r
 .text.__malloc_lock
                0x0000ac40        0xc C:/toolchains/arm-gnu-toolchain-15.2.rel1-mingw-w64-i686-arm-none-eabi/bin/../lib/gcc/arm-none-eabi/15.2.1/../../../../arm-none-eabi/lib/thumb/v7e-m+fp/hard\libc_nano.a(libc_a-mlock.o)
                0x0000ac40                __malloc_lock
 .text.__malloc_unlock
                0x0000ac4c        0xc C:/toolchains/arm-gnu-toolchain-15.2.rel1-mingw-w64-i686-arm-none-eabi/bin/../lib/gcc/arm-none-eabi/15.2.1/../../../../arm-none-eabi/lib/thumb/v7e-m+fp/hard\libc_nano.a(libc_a-mlock.o)
                0x0000ac4c                __malloc_unlock
 .text.__ssputs_r
                0x0000ac58       0xc0 C:/toolchains/arm-gnu-toolchain-15.2.rel1-mingw-w64-i686-arm-none-eabi/bin/../lib/gcc/arm-none-eabi/15.2.1/../../../../arm-none-eabi/lib/thumb/v7e-m+fp/hard\libc_nano.a(libc_a-nano-svfprintf.o)
                0x0000ac58                __ssputs_r
 .text._svfprintf_r
                0x0000ad18      0x1f0 C:/toolchains/arm-gnu-toolchain-15.2.rel1-mingw-w64-i686-arm-none-eabi/bin/../lib/gcc/arm-none-eabi/15.2.1/../../../../arm-none-eabi/lib/thumb/v7e-m+fp/hard\libc_nano.a(libc_a-nano-svfprintf.o)
                0x0000ad18                _svfiprintf_r
                0x0000ad18                _svfprintf_r
 .text._printf_common
                0x0000af08       0xea C:/toolchains/arm-gnu-toolchain-15.2.rel1-mingw-w64-i686-arm-none-eabi/bin/../lib/gcc/arm-none-eabi/15.2.1/../../../../arm-none-eabi/lib/thumb/v7e-m+fp/hard\libc_nano.a(libc_a-nano-vfprintf_i.o)
                0x0000af08                _printf_common
 *fill*         0x0000aff2        0x2 
 .text._printf_i
                0x0000aff4      0x254 C:/toolchains/arm-gnu-toolchain-15.2.rel1-mingw-w64-i686-arm-none-eabi/bin/../lib/gcc/arm-none-eabi/15.2.1/../../../../arm-none-eabi/lib/thumb/v7e-m+fp/hard\libc_nano.a(libc_a-nano-vfprintf_i.o)
                0x0000aff4                _printf_i
 .text.memmove  0x0000b248       0x32 C:/toolchains/arm-gnu-toolchain-15.2.rel1-mingw-w64-i686-arm-none-eabi/bin/../lib/gcc/arm-none-eabi/15.2.1/../../../../arm-none-eabi/lib/thumb/v7e-m+fp/hard\libc_nano.a(libc_a-memmove.o)
                0x0000b248                memmove
 *fill*         0x0000b27a        0x2 
 .text._sbrk_r  0x0000b27c       0x20 C:/toolchains/arm-gnu-toolchain-15.2.rel1-mingw-w64-i686-arm-none-eabi/bin/../lib/gcc/arm-none-eabi/15.2.1/../../../../arm-none-eabi/lib/thumb/v7e-m+fp/hard\libc_nano.a(libc_a-sbrkr.o)
                0x0000b27c                _sbrk_r
 *fill*         0x0000b29c        0x4 
 .text          0x0000b2a0       0xa0 C:/toolchains/arm-gnu-toolchain-15.2.rel1-mingw-w64-i686-arm-none-eabi/bin/../lib/gcc/arm-none-eabi/15.2.1/../../../../arm-none-eabi/lib/thumb/v7e-m+fp/hard\libc_nano.a(libc_a-memchr.o)
                0x0000b2a0                memchr
 .text._realloc_r
                0x0000b340       0x5c C:/toolchains/arm-gnu-toolchain-15.2.rel1-mingw-w64-i686-arm-none-eabi/bin/../lib/gcc/arm-none-eabi/15.2.1/../../../../arm-none-eabi/lib/thumb/v7e-m+fp/hard\libc_nano.a(libc_a-reallocr.o)
                0x0000b340                _realloc_r
 .text._malloc_usable_size_r
                0x0000b39c       0x10 C:/toolchains/arm-gnu-toolchain-15.2.rel1-mingw-w64-i686-arm-none-eabi/bin/../lib/gcc/arm-none-eabi/15.2.1/../../../../arm-none-eabi/lib/thumb/v7e-m+fp/hard\libc_nano.a(libc_a-msizer.o)
                0x0000b39c                _malloc_usable_size_r
 .text.cosf     0x0000b3ac       0x70 C:/toolchains/arm-gnu-toolchain-15.2.rel1-mingw-w64-i686-arm-none-eabi/bin/../lib/gcc/arm-none-eabi/15.2.1/../../../../arm-none-eabi/lib/thumb/v7e-m+fp/hard\libm.a(libm_a-sf_cos.o)
                0x0000b3ac                cosf
 .text.sinf     0x0000b41c       0x74 C:/toolchains/arm-gnu-toolchain-15.2.rel1-mingw-w64-i686-arm-none-eabi/bin/../lib/gcc/arm-none-eabi/15.2.1/../../../../arm-none-eabi/lib/thumb/v7e-m+fp/hard\libm.a(libm_a-sf_sin.o)
                0x0000b41c                sinf
 .text.__kernel_cosf
                0x0000b490      0x104 C:/toolchains/arm-gnu-toolchain-15.2.rel1-mingw-w64-i686-arm-none-eabi/bin/../lib/gcc/arm-none-eabi/15.2.1/../../../../arm-none-eabi/lib/thumb/v7e-m+fp/hard\libm.a(libm_a-kf_cos.o)
                0x0000b490                __kernel_cosf
 .text.__kernel_sinf
                0x0000b594       0x90 C:/toolchains/arm-gnu-toolchain-15.2.rel1-mingw-w64-i686-arm-none-eabi/bin/../lib/gcc/arm-none-eabi/15.2.1/../../../../arm-none-eabi/lib/thumb/v7e-m+fp/hard\libm.a(libm_a-kf_sin.o)
                0x0000b594                __kernel_sinf
 .text.__ieee754_rem_pio2f
                0x0000b624      0x26c C:/toolchains/arm-gnu-toolchain-15.2.rel1-mingw-w64-i686-arm-none-eabi/bin/../lib/gcc/arm-none-eabi/15.2.1/../../../../arm-none-eabi/lib/thumb/v7e-m+fp/hard\libm.a(libm_a-ef_rem_pio2.o)
                0x0000b624                __ieee754_rem_pio2f
 .text.fabsf    0x0000b890       0x10 C:/toolchains/arm-gnu-toolchain-15.2.rel1-mingw-w64-i686-arm-none-eabi/bin/../lib/gcc/arm-none-eabi/15.2.1/../../../../arm-none-eabi/lib/thumb/v7e-m+fp/hard\libm.a(libm_a-sf_fabs.o)
                0x0000b890                fabsf
 .text.__kernel_rem_pio2f
                0x0000b8a0      0x698 C:/toolchains/arm-gnu-toolchain-15.2.rel1-mingw-w64-i686-arm-none-eabi/bin/../lib/gcc/arm-none-eabi/15.2.1/../../../../arm-none-eabi/lib/thumb/v7e-m+fp/hard\libm.a(libm_a-kf_rem_pio2.o)
                0x0000b8a0                __kernel_rem_pio2f
 .text.scalbnf  0x0000bf38       0xdc C:/toolchains/arm-gnu-toolchain-15.2.rel1-mingw-w64-i686-arm-none-eabi/bin/../lib/gcc/arm-none-eabi/15.2.1/../../../../arm-none-eabi/lib/thumb/v7e-m+fp/hard\libm.a(libm_a-sf_scalbn.o)
                0x0000bf38                scalbnf
 .text.floorf   0x0000c014       0x94 C:/toolchains/arm-gnu-toolchain-15.2.rel1-mingw-w64-i686-arm-none-eabi/bin/../lib/gcc/arm-none-eabi/15.2.1/../../../../arm-none-eabi/lib/thumb/v7e-m+fp/hard\libm.a(libm_a-sf_floor.o)
                0x0000c014                floorf
 .text._exit    0x0000c0a8        0x4 C:/toolchains/arm-gnu-toolchain-15.2.rel1-mingw-w64-i686-arm-none-eabi/bin/../lib/gcc/arm-none-eabi/15.2.1/../../../../arm-none-eabi/lib/thumb/v7e-m+fp/hard\libnosys.a(_exit.o)
                0x0000c0a8                _exit
 *(.gnu.warning)
 *(.glue_7t)
 .glue_7t       0x0000c0ac        0x0 linker stubs
 *(.glue_7)
 .glue_7        0x0000c0ac        0x0 linker stubs
 *(.vfp11_veneer)
 .vfp11_veneer  0x0000c0ac        0x0 linker stubs
 *(.v4_bx)
 .v4_bx         0x0000c0ac        0x0 linker stubs

.fini           0x0000c0ac        0xc
 *(SORT_NONE(.fini))
 .fini          0x0000c0ac        0x4 C:/toolchains/arm-gnu-toolchain-15.2.rel1-mingw-w64-i686-arm-none-eabi/bin/../lib/gcc/arm-none-eabi/15.2.1/thumb/v7e-m+fp/hard/crti.o
                0x0000c0ac                _fini
 .fini          0x0000c0b0        0x8 C:/toolchains/arm-gnu-toolchain-15.2.rel1-mingw-w64-i686-arm-none-eabi/bin/../lib/gcc/arm-none-eabi/15.2.1/thumb/v7e-m+fp/hard/crtn.o
                [!provide]                        PROVIDE (__etext = .)
                0x0000c0b8                        PROVIDE (_etext = .)
                [!provide]                        PROVIDE (etext = .)

.rodata         0x0000c0b8      0x68c
 *(.rodata .rodata.* .gnu.linkonce.r.*)
 .rodata.main.str1.4
                0x0000c0b8      0x284 CMakeFiles/satellite_fc.elf.dir/src/main.c.obj
                                 0x87 (size before relaxing)
 .rodata.vApplicationStackOverflowHook.str1.4
                0x0000c33c        0x0 CMakeFiles/satellite_fc.elf.dir/src/main.c.obj
                                 0x25 (size before relaxing)
 .rodata.vApplicationMallocFailedHook.str1.4
                0x0000c33c        0x0 CMakeFiles/satellite_fc.elf.dir/src/main.c.obj
                                 0x41 (size before relaxing)
 .rodata.health_monitor_task.str1.4
                0x0000c33c        0x0 CMakeFiles/satellite_fc.elf.dir/src/tasks/health_monitor.c.obj
                                 0x80 (size before relaxing)
 .rodata.command_handler_task.str1.4
                0x0000c33c        0x0 CMakeFiles/satellite_fc.elf.dir/src/tasks/command_handler.c.obj
                                 0xd8 (size before relaxing)
 .rodata.wdt_expire_cb.str1.4
                0x0000c33c        0x0 CMakeFiles/satellite_fc.elf.dir/src/drivers/watchdog.c.obj
                                 0x2b (size before relaxing)
 .rodata.watchdog_init.str1.4
                0x0000c33c        0x0 CMakeFiles/satellite_fc.elf.dir/src/drivers/watchdog.c.obj
                                  0x4 (size before relaxing)
 .rodata.uxTopUsedPriority
                0x0000c33c        0x4 CMakeFiles/satellite_fc.elf.dir/FreeRTOS/Source/tasks.c.obj
 .rodata.xTimerCreateTimerTask.str1.4
                0x0000c340        0x0 CMakeFiles/satellite_fc.elf.dir/FreeRTOS/Source/timers.c.obj
                                  0x8 (size before relaxing)
 .rodata._svfprintf_r.str1.1
                0x0000c340       0x33 C:/toolchains/arm-gnu-toolchain-15.2.rel1-mingw-w64-i686-arm-none-eabi/bin/../lib/gcc/arm-none-eabi/15.2.1/../../../../arm-none-eabi/lib/thumb/v7e-m+fp/hard\libc_nano.a(libc_a-nano-svfprintf.o)
                                 0x11 (size before relaxing)
 .rodata._printf_i.str1.1
                0x0000c373        0x0 C:/toolchains/arm-gnu-toolchain-15.2.rel1-mingw-w64-i686-arm-none-eabi/bin/../lib/gcc/arm-none-eabi/15.2.1/../../../../arm-none-eabi/lib/thumb/v7e-m+fp/hard\libc_nano.a(libc_a-nano-vfprintf_i.o)
                                 0x22 (size before relaxing)
 *fill*         0x0000c373        0x1 
 .rodata.npio2_hw
                0x0000c374       0x80 C:/toolchains/arm-gnu-toolchain-15.2.rel1-mingw-w64-i686-arm-none-eabi/bin/../lib/gcc/arm-none-eabi/15.2.1/../../../../arm-none-eabi/lib/thumb/v7e-m+fp/hard\libm.a(libm_a-ef_rem_pio2.o)
 .rodata.two_over_pi
                0x0000c3f4      0x318 C:/toolchains/arm-gnu-toolchain-15.2.rel1-mingw-w64-i686-arm-none-eabi/bin/../lib/gcc/arm-none-eabi/15.2.1/../../../../arm-none-eabi/lib/thumb/v7e-m+fp/hard\libm.a(libm_a-ef_rem_pio2.o)
 .rodata.PIo2   0x0000c70c       0x2c C:/toolchains/arm-gnu-toolchain-15.2.rel1-mingw-w64-i686-arm-none-eabi/bin/../lib/gcc/arm-none-eabi/15.2.1/../../../../arm-none-eabi/lib/thumb/v7e-m+fp/hard\libm.a(libm_a-kf_rem_pio2.o)
 .rodata.init_jk
                0x0000c738        0xc C:/toolchains/arm-gnu-toolchain-15.2.rel1-mingw-w64-i686-arm-none-eabi/bin/../lib/gcc/arm-none-eabi/15.2.1/../../../../arm-none-eabi/lib/thumb/v7e-m+fp/hard\libm.a(libm_a-kf_rem_pio2.o)

.rodata1
 *(.rodata1)

.ARM.extab
 *(.ARM.extab* .gnu.linkonce.armextab.*)

.ARM.exidx      0x0000c744        0x8
                [!provide]                        PROVIDE (__exidx_start = .)
 *(.ARM.exidx* .gnu.linkonce.armexidx.*)
 .ARM.exidx     0x0000c744        0x8 C:/toolchains/arm-gnu-toolchain-15.2.rel1-mingw-w64-i686-arm-none-eabi/bin/../lib/gcc/arm-none-eabi/15.2.1/../../../../arm-none-eabi/lib/thumb/v7e-m+fp/hard/crt0.o
                                 0x10 (size before relaxing)
 .ARM.exidx     0x0000c74c        0x0 C:/toolchains/arm-gnu-toolchain-15.2.rel1-mingw-w64-i686-arm-none-eabi/bin/../lib/gcc/arm-none-eabi/15.2.1/../../../../arm-none-eabi/lib/thumb/v7e-m+fp/hard\libc_nano.a(libc_a-memchr.o)
                                  0x8 (size before relaxing)
                [!provide]                        PROVIDE (__exidx_end = .)

.eh_frame_hdr
 *(.eh_frame_hdr)
 *(.eh_frame_entry .eh_frame_entry.*)

.eh_frame       0x0000c74c        0x4
 *(.eh_frame)
 .eh_frame      0x0000c74c        0x0 C:/toolchains/arm-gnu-toolchain-15.2.rel1-mingw-w64-i686-arm-none-eabi/bin/../lib/gcc/arm-none-eabi/15.2.1/thumb/v7e-m+fp/hard/crtbegin.o
 .eh_frame      0x0000c74c        0x4 C:/toolchains/arm-gnu-toolchain-15.2.rel1-mingw-w64-i686-arm-none-eabi/bin/../lib/gcc/arm-none-eabi/15.2.1/thumb/v7e-m+fp/hard/crtend.o
 *(.eh_frame.*)

.sframe
 *(.sframe)
 *(.sframe.*)

.gcc_except_table
 *(.gcc_except_table .gcc_except_table.*)

.gnu_extab
 *(.gnu_extab*)

.exception_ranges
 *(.exception_ranges*)

.note.build-id
 *(.note.build-id)

.note.GNU-stack
 *(.note.GNU-stack)

.note.gnu-property
 *(.note.gnu-property)

.note.ABI-tag
 *(.note.ABI-tag)

.note.package
 *(.note.package)

.note.dlopen
 *(.note.dlopen)

.note.netbsd.ident
 *(.note.netbsd.ident)

.note.openbsd.ident
 *(.note.openbsd.ident)
                0x0000d750                        . = (ALIGN (CONSTANT (MAXPAGESIZE)) + (. & (CONSTANT (MAXPAGESIZE) - 0x1)))

.eh_frame
 *(.eh_frame)
 *(.eh_frame.*)

.sframe
 *(.sframe)
 *(.sframe.*)

.gnu_extab
 *(.gnu_extab)

.gcc_except_table
 *(.gcc_except_table .gcc_except_table.*)

.exception_ranges
 *(.exception_ranges*)

.tdata          0x0000d750        0x0
                [!provide]                        PROVIDE (__tdata_start = .)
 *(.tdata .tdata.* .gnu.linkonce.td.*)

.tbss
 *(.tbss .tbss.* .gnu.linkonce.tb.*)
 *(.tcommon)

.preinit_array  0x0000d750        0x0
                0x0000d750                        PROVIDE (__preinit_array_start = .)
 *(.preinit_array)
                0x0000d750                        PROVIDE (__preinit_array_end = .)

.init_array     0x0000d750        0x4
                0x0000d750                        PROVIDE (__init_array_start = .)
 *(SORT_BY_INIT_PRIORITY(.init_array.*) SORT_BY_INIT_PRIORITY(.ctors.*))
 *(.init_array EXCLUDE_FILE(*crtend?.o *crtend.o *crtbegin?.o *crtbegin.o) .ctors)
 .init_array    0x0000d750        0x4 C:/toolchains/arm-gnu-toolchain-15.2.rel1-mingw-w64-i686-arm-none-eabi/bin/../lib/gcc/arm-none-eabi/15.2.1/thumb/v7e-m+fp/hard/crtbegin.o
                0x0000d754                        PROVIDE (__init_array_end = .)

.fini_array     0x0000d754        0x4
                [!provide]                        PROVIDE (__fini_array_start = .)
 *(SORT_BY_INIT_PRIORITY(.fini_array.*) SORT_BY_INIT_PRIORITY(.dtors.*))
 *(.fini_array EXCLUDE_FILE(*crtend?.o *crtend.o *crtbegin?.o *crtbegin.o) .dtors)
 .fini_array    0x0000d754        0x4 C:/toolchains/arm-gnu-toolchain-15.2.rel1-mingw-w64-i686-arm-none-eabi/bin/../lib/gcc/arm-none-eabi/15.2.1/thumb/v7e-m+fp/hard/crtbegin.o
                [!provide]                        PROVIDE (__fini_array_end = .)

.ctors
 *crtbegin.o(.ctors)
 *crtbegin?.o(.ctors)
 *(EXCLUDE_FILE(*crtend?.o *crtend.o) .ctors)
 *(SORT_BY_NAME(.ctors.*))
 *(.ctors)

.dtors
 *crtbegin.o(.dtors)
 *crtbegin?.o(.dtors)
 *(EXCLUDE_FILE(*crtend?.o *crtend.o) .dtors)
 *(SORT_BY_NAME(.dtors.*))
 *(.dtors)

.jcr
 *(.jcr)

.data.rel.ro
 *(.data.rel.ro.local* .gnu.linkonce.d.rel.ro.local.*)
 *(.data.rel.ro .data.rel.ro.* .gnu.linkonce.d.rel.ro.*)

.dynamic
 *(.dynamic)

.got            0x0000d758        0x0
 *(.got.plt)
 *(.igot.plt)
 .igot.plt      0x0000d758        0x0 C:/toolchains/arm-gnu-toolchain-15.2.rel1-mingw-w64-i686-arm-none-eabi/bin/../lib/gcc/arm-none-eabi/15.2.1/thumb/v7e-m+fp/hard/crtbegin.o
 *(.got)
 *(.igot)

.data           0x0000d758       0x54
                0x0000d758                        __data_start = .
 *(.data .data.* .gnu.linkonce.d.*)
 .data.uxCriticalNesting
                0x0000d758        0x4 CMakeFiles/satellite_fc.elf.dir/FreeRTOS/Source/portable/GCC/ARM_CM4F/port.c.obj
 .data._impure_ptr
                0x0000d75c        0x4 C:/toolchains/arm-gnu-toolchain-15.2.rel1-mingw-w64-i686-arm-none-eabi/bin/../lib/gcc/arm-none-eabi/15.2.1/../../../../arm-none-eabi/lib/thumb/v7e-m+fp/hard\libc_nano.a(libc_a-impure.o)
                0x0000d75c                _impure_ptr
 .data._impure_data
                0x0000d760       0x4c C:/toolchains/arm-gnu-toolchain-15.2.rel1-mingw-w64-i686-arm-none-eabi/bin/../lib/gcc/arm-none-eabi/15.2.1/../../../../arm-none-eabi/lib/thumb/v7e-m+fp/hard\libc_nano.a(libc_a-impure.o)
                0x0000d760                _impure_data

.tm_clone_table
                0x0000d7ac        0x0
 .tm_clone_table
                0x0000d7ac        0x0 C:/toolchains/arm-gnu-toolchain-15.2.rel1-mingw-w64-i686-arm-none-eabi/bin/../lib/gcc/arm-none-eabi/15.2.1/thumb/v7e-m+fp/hard/crtbegin.o
 .tm_clone_table
                0x0000d7ac        0x0 C:/toolchains/arm-gnu-toolchain-15.2.rel1-mingw-w64-i686-arm-none-eabi/bin/../lib/gcc/arm-none-eabi/15.2.1/thumb/v7e-m+fp/hard/crtend.o

.data1
 *(.data1)
                0x0000d7ac                        _edata = .
                [!provide]                        PROVIDE (edata = .)

.persistent     0x0000d7ac        0x0
                [!provide]                        PROVIDE (__persistent_start = .)
 *(.persistent .persistent.* .gnu.linkonce.p.*)
                0x0000d7ac                        . = ALIGN (0x4)
                [!provide]                        PROVIDE (__persistent_end = .)
                0x0000d7ac                        . = ALIGN (ALIGNOF (NEXT_SECTION))
                0x0000d7ac                        __bss_start = .
                0x0000d7ac                        __bss_start__ = .

.bss            0x0000d7ac     0x5360
 *(.dynbss)
 *(.bss .bss.* .gnu.linkonce.b.*)
 .bss.completed.1
                0x0000d7ac        0x1 C:/toolchains/arm-gnu-toolchain-15.2.rel1-mingw-w64-i686-arm-none-eabi/bin/../lib/gcc/arm-none-eabi/15.2.1/thumb/v7e-m+fp/hard/crtbegin.o
 *fill*         0x0000d7ad        0x3 
 .bss.object.0  0x0000d7b0       0x18 C:/toolchains/arm-gnu-toolchain-15.2.rel1-mingw-w64-i686-arm-none-eabi/bin/../lib/gcc/arm-none-eabi/15.2.1/thumb/v7e-m+fp/hard/crtbegin.o
 .bss.g_adcs_task_handle
                0x0000d7c8        0x4 CMakeFiles/satellite_fc.elf.dir/src/main.c.obj
                0x0000d7c8                g_adcs_task_handle
 .bss.g_command_queue
                0x0000d7cc        0x4 CMakeFiles/satellite_fc.elf.dir/src/main.c.obj
                0x0000d7cc                g_command_queue
 .bss.g_telemetry_queue
                0x0000d7d0        0x4 CMakeFiles/satellite_fc.elf.dir/src/main.c.obj
                0x0000d7d0                g_telemetry_queue
 .bss.t.0       0x0000d7d4        0x4 CMakeFiles/satellite_fc.elf.dir/src/tasks/adcs_task.c.obj
 .bss.g_adcs_heartbeat
                0x0000d7d8        0x4 CMakeFiles/satellite_fc.elf.dir/src/tasks/adcs_task.c.obj
                0x0000d7d8                g_adcs_heartbeat
 .bss.g_adcs_mutex
                0x0000d7dc        0x4 CMakeFiles/satellite_fc.elf.dir/src/tasks/adcs_task.c.obj
                0x0000d7dc                g_adcs_mutex
 .bss.g_adcs_state
                0x0000d7e0       0x30 CMakeFiles/satellite_fc.elf.dir/src/tasks/adcs_task.c.obj
                0x0000d7e0                g_adcs_state
 .bss.seq.0     0x0000d810        0x2 CMakeFiles/satellite_fc.elf.dir/src/tasks/telemetry_task.c.obj
 .bss.log_divider.0
                0x0000d812        0x1 CMakeFiles/satellite_fc.elf.dir/src/tasks/health_monitor.c.obj
 .bss.g_fault_flags
                0x0000d813        0x1 CMakeFiles/satellite_fc.elf.dir/src/tasks/health_monitor.c.obj
                0x0000d813                g_fault_flags
 .bss.uart_mutex
                0x0000d814        0x4 CMakeFiles/satellite_fc.elf.dir/src/drivers/uart_driver.c.obj
 .bss.wdt_timer
                0x0000d818        0x4 CMakeFiles/satellite_fc.elf.dir/src/drivers/watchdog.c.obj
 .bss.uxSchedulerSuspended
                0x0000d81c        0x4 CMakeFiles/satellite_fc.elf.dir/FreeRTOS/Source/tasks.c.obj
 .bss.xIdleTaskHandles
                0x0000d820        0x4 CMakeFiles/satellite_fc.elf.dir/FreeRTOS/Source/tasks.c.obj
 .bss.xNextTaskUnblockTime
                0x0000d824        0x4 CMakeFiles/satellite_fc.elf.dir/FreeRTOS/Source/tasks.c.obj
 .bss.uxTaskNumber
                0x0000d828        0x4 CMakeFiles/satellite_fc.elf.dir/FreeRTOS/Source/tasks.c.obj
 .bss.xNumOfOverflows
                0x0000d82c        0x4 CMakeFiles/satellite_fc.elf.dir/FreeRTOS/Source/tasks.c.obj
 .bss.xYieldPendings
                0x0000d830        0x4 CMakeFiles/satellite_fc.elf.dir/FreeRTOS/Source/tasks.c.obj
 .bss.xPendedTicks
                0x0000d834        0x4 CMakeFiles/satellite_fc.elf.dir/FreeRTOS/Source/tasks.c.obj
 .bss.xSchedulerRunning
                0x0000d838        0x4 CMakeFiles/satellite_fc.elf.dir/FreeRTOS/Source/tasks.c.obj
 .bss.uxTopReadyPriority
                0x0000d83c        0x4 CMakeFiles/satellite_fc.elf.dir/FreeRTOS/Source/tasks.c.obj
 .bss.xTickCount
                0x0000d840        0x4 CMakeFiles/satellite_fc.elf.dir/FreeRTOS/Source/tasks.c.obj
 .bss.uxCurrentNumberOfTasks
                0x0000d844        0x4 CMakeFiles/satellite_fc.elf.dir/FreeRTOS/Source/tasks.c.obj
 .bss.xSuspendedTaskList
                0x0000d848       0x14 CMakeFiles/satellite_fc.elf.dir/FreeRTOS/Source/tasks.c.obj
 .bss.uxDeletedTasksWaitingCleanUp
                0x0000d85c        0x4 CMakeFiles/satellite_fc.elf.dir/FreeRTOS/Source/tasks.c.obj
 .bss.xTasksWaitingTermination
                0x0000d860       0x14 CMakeFiles/satellite_fc.elf.dir/FreeRTOS/Source/tasks.c.obj
 .bss.xPendingReadyList
                0x0000d874       0x14 CMakeFiles/satellite_fc.elf.dir/FreeRTOS/Source/tasks.c.obj
 .bss.pxOverflowDelayedTaskList
                0x0000d888        0x4 CMakeFiles/satellite_fc.elf.dir/FreeRTOS/Source/tasks.c.obj
 .bss.pxDelayedTaskList
                0x0000d88c        0x4 CMakeFiles/satellite_fc.elf.dir/FreeRTOS/Source/tasks.c.obj
 .bss.xDelayedTaskList2
                0x0000d890       0x14 CMakeFiles/satellite_fc.elf.dir/FreeRTOS/Source/tasks.c.obj
 .bss.xDelayedTaskList1
                0x0000d8a4       0x14 CMakeFiles/satellite_fc.elf.dir/FreeRTOS/Source/tasks.c.obj
 .bss.pxReadyTasksLists
                0x0000d8b8       0xa0 CMakeFiles/satellite_fc.elf.dir/FreeRTOS/Source/tasks.c.obj
 .bss.pxCurrentTCB
                0x0000d958        0x4 CMakeFiles/satellite_fc.elf.dir/FreeRTOS/Source/tasks.c.obj
                0x0000d958                pxCurrentTCB
 .bss.xLastTime.0
                0x0000d95c        0x4 CMakeFiles/satellite_fc.elf.dir/FreeRTOS/Source/timers.c.obj
 .bss.xTimerTaskHandle
                0x0000d960        0x4 CMakeFiles/satellite_fc.elf.dir/FreeRTOS/Source/timers.c.obj
 .bss.xTimerQueue
                0x0000d964        0x4 CMakeFiles/satellite_fc.elf.dir/FreeRTOS/Source/timers.c.obj
 .bss.pxOverflowTimerList
                0x0000d968        0x4 CMakeFiles/satellite_fc.elf.dir/FreeRTOS/Source/timers.c.obj
 .bss.pxCurrentTimerList
                0x0000d96c        0x4 CMakeFiles/satellite_fc.elf.dir/FreeRTOS/Source/timers.c.obj
 .bss.xActiveTimerList2
                0x0000d970       0x14 CMakeFiles/satellite_fc.elf.dir/FreeRTOS/Source/timers.c.obj
 .bss.xActiveTimerList1
                0x0000d984       0x14 CMakeFiles/satellite_fc.elf.dir/FreeRTOS/Source/timers.c.obj
 .bss.ulMaxPRIGROUPValue
                0x0000d998        0x4 CMakeFiles/satellite_fc.elf.dir/FreeRTOS/Source/portable/GCC/ARM_CM4F/port.c.obj
 .bss.ucMaxSysCallPriority
                0x0000d99c        0x1 CMakeFiles/satellite_fc.elf.dir/FreeRTOS/Source/portable/GCC/ARM_CM4F/port.c.obj
 *fill*         0x0000d99d        0x3 
 .bss.xNumberOfSuccessfulFrees
                0x0000d9a0        0x4 CMakeFiles/satellite_fc.elf.dir/FreeRTOS/Source/portable/MemMang/heap_4.c.obj
 .bss.xNumberOfSuccessfulAllocations
                0x0000d9a4        0x4 CMakeFiles/satellite_fc.elf.dir/FreeRTOS/Source/portable/MemMang/heap_4.c.obj
 .bss.xMinimumEverFreeBytesRemaining
                0x0000d9a8        0x4 CMakeFiles/satellite_fc.elf.dir/FreeRTOS/Source/portable/MemMang/heap_4.c.obj
 .bss.xFreeBytesRemaining
                0x0000d9ac        0x4 CMakeFiles/satellite_fc.elf.dir/FreeRTOS/Source/portable/MemMang/heap_4.c.obj
 .bss.pxEnd     0x0000d9b0        0x4 CMakeFiles/satellite_fc.elf.dir/FreeRTOS/Source/portable/MemMang/heap_4.c.obj
 .bss.xStart    0x0000d9b4        0x8 CMakeFiles/satellite_fc.elf.dir/FreeRTOS/Source/portable/MemMang/heap_4.c.obj
 .bss.ucHeap    0x0000d9bc     0x5000 CMakeFiles/satellite_fc.elf.dir/FreeRTOS/Source/portable/MemMang/heap_4.c.obj
 .bss.heap_end.0
                0x000129bc        0x4 CMakeFiles/satellite_fc.elf.dir/src/syscalls.c.obj
 .bss.__sf      0x000129c0      0x138 C:/toolchains/arm-gnu-toolchain-15.2.rel1-mingw-w64-i686-arm-none-eabi/bin/../lib/gcc/arm-none-eabi/15.2.1/../../../../arm-none-eabi/lib/thumb/v7e-m+fp/hard\libc_nano.a(libc_a-findfp.o)
                0x000129c0                __sf
 .bss.__stdio_exit_handler
                0x00012af8        0x4 C:/toolchains/arm-gnu-toolchain-15.2.rel1-mingw-w64-i686-arm-none-eabi/bin/../lib/gcc/arm-none-eabi/15.2.1/../../../../arm-none-eabi/lib/thumb/v7e-m+fp/hard\libc_nano.a(libc_a-findfp.o)
                0x00012af8                __stdio_exit_handler
 .bss.errno     0x00012afc        0x4 C:/toolchains/arm-gnu-toolchain-15.2.rel1-mingw-w64-i686-arm-none-eabi/bin/../lib/gcc/arm-none-eabi/15.2.1/../../../../arm-none-eabi/lib/thumb/v7e-m+fp/hard\libc_nano.a(libc_a-reent.o)
                0x00012afc                errno
 .bss.__lock___malloc_recursive_mutex
                0x00012b00        0x1 C:/toolchains/arm-gnu-toolchain-15.2.rel1-mingw-w64-i686-arm-none-eabi/bin/../lib/gcc/arm-none-eabi/15.2.1/../../../../arm-none-eabi/lib/thumb/v7e-m+fp/hard\libc_nano.a(libc_a-lock.o)
                0x00012b00                __lock___malloc_recursive_mutex
 *fill*         0x00012b01        0x3 
 .bss.__malloc_sbrk_start
                0x00012b04        0x4 C:/toolchains/arm-gnu-toolchain-15.2.rel1-mingw-w64-i686-arm-none-eabi/bin/../lib/gcc/arm-none-eabi/15.2.1/../../../../arm-none-eabi/lib/thumb/v7e-m+fp/hard\libc_nano.a(libc_a-mallocr.o)
                0x00012b04                __malloc_sbrk_start
 .bss.__malloc_free_list
                0x00012b08        0x4 C:/toolchains/arm-gnu-toolchain-15.2.rel1-mingw-w64-i686-arm-none-eabi/bin/../lib/gcc/arm-none-eabi/15.2.1/../../../../arm-none-eabi/lib/thumb/v7e-m+fp/hard\libc_nano.a(libc_a-mallocr.o)
                0x00012b08                __malloc_free_list
 *(COMMON)
                0x00012b0c                        . = ALIGN ((. != 0x0)?0x4:0x1)
                0x00012b0c                        _bss_end__ = .
                0x00012b0c                        __bss_end__ = .

.noinit         0x00012b0c        0x0
                [!provide]                        PROVIDE (__noinit_start = .)
 *(.noinit .noinit.* .gnu.linkonce.n.*)
                0x00012b0c                        . = ALIGN (0x4)
                [!provide]                        PROVIDE (__noinit_end = .)
                0x00012b0c                        . = ALIGN (0x4)
                0x00012b0c                        . = SEGMENT_START ("ldata-segment", .)
                0x00012b0c                        . = ALIGN (0x4)
                0x00012b0c                        __end__ = .
                0x00012b0c                        _end = .
                [!provide]                        PROVIDE (end = .)

.stack          0x00080000        0x0
                0x00080000                        _stack = .
 *(.stack)

.stab
 *(.stab)

.stabstr
 *(.stabstr)

.stab.excl
 *(.stab.excl)

.stab.exclstr
 *(.stab.exclstr)

.stab.index
 *(.stab.index)

.stab.indexstr
 *(.stab.indexstr)

.comment        0x00000000       0x45
 *(.comment)
 .comment       0x00000000       0x45 CMakeFiles/satellite_fc.elf.dir/src/main.c.obj
                                 0x46 (size before relaxing)
 .comment       0x00000045        0x0 CMakeFiles/satellite_fc.elf.dir/src/tasks/adcs_task.c.obj
                                 0x46 (size before relaxing)
 .comment       0x00000045        0x0 CMakeFiles/satellite_fc.elf.dir/src/tasks/telemetry_task.c.obj
                                 0x46 (size before relaxing)
 .comment       0x00000045        0x0 CMakeFiles/satellite_fc.elf.dir/src/tasks/health_monitor.c.obj
                                 0x46 (size before relaxing)
 .comment       0x00000045        0x0 CMakeFiles/satellite_fc.elf.dir/src/tasks/command_handler.c.obj
                                 0x46 (size before relaxing)
 .comment       0x00000045        0x0 CMakeFiles/satellite_fc.elf.dir/src/drivers/uart_driver.c.obj
                                 0x46 (size before relaxing)
 .comment       0x00000045        0x0 CMakeFiles/satellite_fc.elf.dir/src/drivers/watchdog.c.obj
                                 0x46 (size before relaxing)
 .comment       0x00000045        0x0 CMakeFiles/satellite_fc.elf.dir/FreeRTOS/Source/tasks.c.obj
                                 0x46 (size before relaxing)
 .comment       0x00000045        0x0 CMakeFiles/satellite_fc.elf.dir/FreeRTOS/Source/queue.c.obj
                                 0x46 (size before relaxing)
 .comment       0x00000045        0x0 CMakeFiles/satellite_fc.elf.dir/FreeRTOS/Source/list.c.obj
                                 0x46 (size before relaxing)
 .comment       0x00000045        0x0 CMakeFiles/satellite_fc.elf.dir/FreeRTOS/Source/timers.c.obj
                                 0x46 (size before relaxing)
 .comment       0x00000045        0x0 CMakeFiles/satellite_fc.elf.dir/FreeRTOS/Source/portable/GCC/ARM_CM4F/port.c.obj
                                 0x46 (size before relaxing)
 .comment       0x00000045        0x0 CMakeFiles/satellite_fc.elf.dir/FreeRTOS/Source/portable/MemMang/heap_4.c.obj
                                 0x46 (size before relaxing)
 .comment       0x00000045        0x0 CMakeFiles/satellite_fc.elf.dir/src/syscalls.c.obj
                                 0x46 (size before relaxing)

.gnu.build.attributes
 *(.gnu.build.attributes .gnu.build.attributes.*)

.debug
 *(.debug)

.line
 *(.line)

.debug_srcinfo
 *(.debug_srcinfo)

.debug_sfnames
 *(.debug_sfnames)

.debug_aranges
 *(.debug_aranges)

.debug_pubnames
 *(.debug_pubnames)

.debug_info
 *(.debug_info .gnu.linkonce.wi.*)

.debug_abbrev
 *(.debug_abbrev)

.debug_line
 *(.debug_line .debug_line.* .debug_line_end)

.debug_frame    0x00000000      0x774
 *(.debug_frame)
 .debug_frame   0x00000000       0x28 C:/toolchains/arm-gnu-toolchain-15.2.rel1-mingw-w64-i686-arm-none-eabi/bin/../lib/gcc/arm-none-eabi/15.2.1/../../../../arm-none-eabi/lib/thumb/v7e-m+fp/hard\libc_nano.a(libc_a-exit.o)
 .debug_frame   0x00000028      0x144 C:/toolchains/arm-gnu-toolchain-15.2.rel1-mingw-w64-i686-arm-none-eabi/bin/../lib/gcc/arm-none-eabi/15.2.1/../../../../arm-none-eabi/lib/thumb/v7e-m+fp/hard\libc_nano.a(libc_a-findfp.o)
 .debug_frame   0x0000016c       0x4c C:/toolchains/arm-gnu-toolchain-15.2.rel1-mingw-w64-i686-arm-none-eabi/bin/../lib/gcc/arm-none-eabi/15.2.1/../../../../arm-none-eabi/lib/thumb/v7e-m+fp/hard\libc_nano.a(libc_a-vsnprintf.o)
 .debug_frame   0x000001b8       0x20 C:/toolchains/arm-gnu-toolchain-15.2.rel1-mingw-w64-i686-arm-none-eabi/bin/../lib/gcc/arm-none-eabi/15.2.1/../../../../arm-none-eabi/lib/thumb/v7e-m+fp/hard\libc_nano.a(libc_a-memset.o)
 .debug_frame   0x000001d8       0x38 C:/toolchains/arm-gnu-toolchain-15.2.rel1-mingw-w64-i686-arm-none-eabi/bin/../lib/gcc/arm-none-eabi/15.2.1/../../../../arm-none-eabi/lib/thumb/v7e-m+fp/hard\libc_nano.a(libc_a-reent.o)
 .debug_frame   0x00000210       0x2c C:/toolchains/arm-gnu-toolchain-15.2.rel1-mingw-w64-i686-arm-none-eabi/bin/../lib/gcc/arm-none-eabi/15.2.1/../../../../arm-none-eabi/lib/thumb/v7e-m+fp/hard\libc_nano.a(libc_a-init.o)
 .debug_frame   0x0000023c       0xb0 C:/toolchains/arm-gnu-toolchain-15.2.rel1-mingw-w64-i686-arm-none-eabi/bin/../lib/gcc/arm-none-eabi/15.2.1/../../../../arm-none-eabi/lib/thumb/v7e-m+fp/hard\libc_nano.a(libc_a-lock.o)
 .debug_frame   0x000002ec       0x28 C:/toolchains/arm-gnu-toolchain-15.2.rel1-mingw-w64-i686-arm-none-eabi/bin/../lib/gcc/arm-none-eabi/15.2.1/../../../../arm-none-eabi/lib/thumb/v7e-m+fp/hard\libc_nano.a(libc_a-memcpy-stub.o)
 .debug_frame   0x00000314       0x38 C:/toolchains/arm-gnu-toolchain-15.2.rel1-mingw-w64-i686-arm-none-eabi/bin/../lib/gcc/arm-none-eabi/15.2.1/../../../../arm-none-eabi/lib/thumb/v7e-m+fp/hard\libc_nano.a(libc_a-freer.o)
 .debug_frame   0x0000034c       0x50 C:/toolchains/arm-gnu-toolchain-15.2.rel1-mingw-w64-i686-arm-none-eabi/bin/../lib/gcc/arm-none-eabi/15.2.1/../../../../arm-none-eabi/lib/thumb/v7e-m+fp/hard\libc_nano.a(libc_a-mallocr.o)
 .debug_frame   0x0000039c       0x30 C:/toolchains/arm-gnu-toolchain-15.2.rel1-mingw-w64-i686-arm-none-eabi/bin/../lib/gcc/arm-none-eabi/15.2.1/../../../../arm-none-eabi/lib/thumb/v7e-m+fp/hard\libc_nano.a(libc_a-mlock.o)
 .debug_frame   0x000003cc       0x90 C:/toolchains/arm-gnu-toolchain-15.2.rel1-mingw-w64-i686-arm-none-eabi/bin/../lib/gcc/arm-none-eabi/15.2.1/../../../../arm-none-eabi/lib/thumb/v7e-m+fp/hard\libc_nano.a(libc_a-nano-svfprintf.o)
 .debug_frame   0x0000045c       0x60 C:/toolchains/arm-gnu-toolchain-15.2.rel1-mingw-w64-i686-arm-none-eabi/bin/../lib/gcc/arm-none-eabi/15.2.1/../../../../arm-none-eabi/lib/thumb/v7e-m+fp/hard\libc_nano.a(libc_a-nano-vfprintf_i.o)
 .debug_frame   0x000004bc       0x28 C:/toolchains/arm-gnu-toolchain-15.2.rel1-mingw-w64-i686-arm-none-eabi/bin/../lib/gcc/arm-none-eabi/15.2.1/../../../../arm-none-eabi/lib/thumb/v7e-m+fp/hard\libc_nano.a(libc_a-memmove.o)
 .debug_frame   0x000004e4       0x2c C:/toolchains/arm-gnu-toolchain-15.2.rel1-mingw-w64-i686-arm-none-eabi/bin/../lib/gcc/arm-none-eabi/15.2.1/../../../../arm-none-eabi/lib/thumb/v7e-m+fp/hard\libc_nano.a(libc_a-sbrkr.o)
 .debug_frame   0x00000510       0x4c C:/toolchains/arm-gnu-toolchain-15.2.rel1-mingw-w64-i686-arm-none-eabi/bin/../lib/gcc/arm-none-eabi/15.2.1/../../../../arm-none-eabi/lib/thumb/v7e-m+fp/hard\libc_nano.a(libc_a-memchr.o)
 .debug_frame   0x0000055c       0x3c C:/toolchains/arm-gnu-toolchain-15.2.rel1-mingw-w64-i686-arm-none-eabi/bin/../lib/gcc/arm-none-eabi/15.2.1/../../../../arm-none-eabi/lib/thumb/v7e-m+fp/hard\libc_nano.a(libc_a-reallocr.o)
 .debug_frame   0x00000598       0x20 C:/toolchains/arm-gnu-toolchain-15.2.rel1-mingw-w64-i686-arm-none-eabi/bin/../lib/gcc/arm-none-eabi/15.2.1/../../../../arm-none-eabi/lib/thumb/v7e-m+fp/hard\libc_nano.a(libc_a-msizer.o)
 .debug_frame   0x000005b8       0x34 C:/toolchains/arm-gnu-toolchain-15.2.rel1-mingw-w64-i686-arm-none-eabi/bin/../lib/gcc/arm-none-eabi/15.2.1/../../../../arm-none-eabi/lib/thumb/v7e-m+fp/hard\libm.a(libm_a-sf_cos.o)
 .debug_frame   0x000005ec       0x34 C:/toolchains/arm-gnu-toolchain-15.2.rel1-mingw-w64-i686-arm-none-eabi/bin/../lib/gcc/arm-none-eabi/15.2.1/../../../../arm-none-eabi/lib/thumb/v7e-m+fp/hard\libm.a(libm_a-sf_sin.o)
 .debug_frame   0x00000620       0x20 C:/toolchains/arm-gnu-toolchain-15.2.rel1-mingw-w64-i686-arm-none-eabi/bin/../lib/gcc/arm-none-eabi/15.2.1/../../../../arm-none-eabi/lib/thumb/v7e-m+fp/hard\libm.a(libm_a-kf_cos.o)
 .debug_frame   0x00000640       0x20 C:/toolchains/arm-gnu-toolchain-15.2.rel1-mingw-w64-i686-arm-none-eabi/bin/../lib/gcc/arm-none-eabi/15.2.1/../../../../arm-none-eabi/lib/thumb/v7e-m+fp/hard\libm.a(libm_a-kf_sin.o)
 .debug_frame   0x00000660       0x38 C:/toolchains/arm-gnu-toolchain-15.2.rel1-mingw-w64-i686-arm-none-eabi/bin/../lib/gcc/arm-none-eabi/15.2.1/../../../../arm-none-eabi/lib/thumb/v7e-m+fp/hard\libm.a(libm_a-ef_rem_pio2.o)
 .debug_frame   0x00000698       0x20 C:/toolchains/arm-gnu-toolchain-15.2.rel1-mingw-w64-i686-arm-none-eabi/bin/../lib/gcc/arm-none-eabi/15.2.1/../../../../arm-none-eabi/lib/thumb/v7e-m+fp/hard\libm.a(libm_a-sf_fabs.o)
 .debug_frame   0x000006b8       0x5c C:/toolchains/arm-gnu-toolchain-15.2.rel1-mingw-w64-i686-arm-none-eabi/bin/../lib/gcc/arm-none-eabi/15.2.1/../../../../arm-none-eabi/lib/thumb/v7e-m+fp/hard\libm.a(libm_a-kf_rem_pio2.o)
 .debug_frame   0x00000714       0x20 C:/toolchains/arm-gnu-toolchain-15.2.rel1-mingw-w64-i686-arm-none-eabi/bin/../lib/gcc/arm-none-eabi/15.2.1/../../../../arm-none-eabi/lib/thumb/v7e-m+fp/hard\libm.a(libm_a-sf_scalbn.o)
 .debug_frame   0x00000734       0x20 C:/toolchains/arm-gnu-toolchain-15.2.rel1-mingw-w64-i686-arm-none-eabi/bin/../lib/gcc/arm-none-eabi/15.2.1/../../../../arm-none-eabi/lib/thumb/v7e-m+fp/hard\libm.a(libm_a-sf_floor.o)
 .debug_frame   0x00000754       0x20 C:/toolchains/arm-gnu-toolchain-15.2.rel1-mingw-w64-i686-arm-none-eabi/bin/../lib/gcc/arm-none-eabi/15.2.1/../../../../arm-none-eabi/lib/thumb/v7e-m+fp/hard\libnosys.a(_exit.o)

.debug_str
 *(.debug_str)

.debug_loc
 *(.debug_loc)

.debug_macinfo
 *(.debug_macinfo)

.debug_weaknames
 *(.debug_weaknames)

.debug_funcnames
 *(.debug_funcnames)

.debug_typenames
 *(.debug_typenames)

.debug_varnames
 *(.debug_varnames)

.debug_pubtypes
 *(.debug_pubtypes)

.debug_ranges
 *(.debug_ranges)

.debug_addr
 *(.debug_addr)

.debug_line_str
                0x00000000      0x1b7
 *(.debug_line_str)
 .debug_line_str
                0x00000000      0x1b7 C:/toolchains/arm-gnu-toolchain-15.2.rel1-mingw-w64-i686-arm-none-eabi/bin/../lib/gcc/arm-none-eabi/15.2.1/../../../../arm-none-eabi/lib/thumb/v7e-m+fp/hard/crt0.o
                                 0xd6 (size before relaxing)
 .debug_line_str
                0x000001b7        0x0 C:/toolchains/arm-gnu-toolchain-15.2.rel1-mingw-w64-i686-arm-none-eabi/bin/../lib/gcc/arm-none-eabi/15.2.1/../../../../arm-none-eabi/lib/thumb/v7e-m+fp/hard\libc_nano.a(libc_a-memchr.o)
                                 0xe1 (size before relaxing)

.debug_loclists
 *(.debug_loclists)

.debug_macro
 *(.debug_macro)

.debug_names
 *(.debug_names)

.debug_rnglists
 *(.debug_rnglists)

.debug_str_offsets
 *(.debug_str_offsets)

.debug_sup
 *(.debug_sup)

.ARM.attributes
                0x00000000       0x30
 *(.ARM.attributes)
 .ARM.attributes
                0x00000000       0x22 C:/toolchains/arm-gnu-toolchain-15.2.rel1-mingw-w64-i686-arm-none-eabi/bin/../lib/gcc/arm-none-eabi/15.2.1/thumb/v7e-m+fp/hard/crti.o
 .ARM.attributes
                0x00000022       0x34 C:/toolchains/arm-gnu-toolchain-15.2.rel1-mingw-w64-i686-arm-none-eabi/bin/../lib/gcc/arm-none-eabi/15.2.1/thumb/v7e-m+fp/hard/crtbegin.o
 .ARM.attributes
                0x00000056       0x20 C:/toolchains/arm-gnu-toolchain-15.2.rel1-mingw-w64-i686-arm-none-eabi/bin/../lib/gcc/arm-none-eabi/15.2.1/../../../../arm-none-eabi/lib/thumb/v7e-m+fp/hard/crt0.o
 .ARM.attributes
                0x00000076       0x34 CMakeFiles/satellite_fc.elf.dir/src/startup.c.obj
 .ARM.attributes
                0x000000aa       0x34 CMakeFiles/satellite_fc.elf.dir/src/main.c.obj
 .ARM.attributes
                0x000000de       0x34 CMakeFiles/satellite_fc.elf.dir/src/tasks/adcs_task.c.obj
 .ARM.attributes
                0x00000112       0x34 CMakeFiles/satellite_fc.elf.dir/src/tasks/telemetry_task.c.obj
 .ARM.attributes
                0x00000146       0x34 CMakeFiles/satellite_fc.elf.dir/src/tasks/health_monitor.c.obj
 .ARM.attributes
                0x0000017a       0x34 CMakeFiles/satellite_fc.elf.dir/src/tasks/command_handler.c.obj
 .ARM.attributes
                0x000001ae       0x34 CMakeFiles/satellite_fc.elf.dir/src/drivers/uart_driver.c.obj
 .ARM.attributes
                0x000001e2       0x34 CMakeFiles/satellite_fc.elf.dir/src/drivers/watchdog.c.obj
 .ARM.attributes
                0x00000216       0x34 CMakeFiles/satellite_fc.elf.dir/FreeRTOS/Source/tasks.c.obj
 .ARM.attributes
                0x0000024a       0x34 CMakeFiles/satellite_fc.elf.dir/FreeRTOS/Source/queue.c.obj
 .ARM.attributes
                0x0000027e       0x34 CMakeFiles/satellite_fc.elf.dir/FreeRTOS/Source/list.c.obj
 .ARM.attributes
                0x000002b2       0x34 CMakeFiles/satellite_fc.elf.dir/FreeRTOS/Source/event_groups.c.obj
 .ARM.attributes
                0x000002e6       0x34 CMakeFiles/satellite_fc.elf.dir/FreeRTOS/Source/timers.c.obj
 .ARM.attributes
                0x0000031a       0x34 CMakeFiles/satellite_fc.elf.dir/FreeRTOS/Source/portable/GCC/ARM_CM4F/port.c.obj
 .ARM.attributes
                0x0000034e       0x34 CMakeFiles/satellite_fc.elf.dir/FreeRTOS/Source/portable/MemMang/heap_4.c.obj
 .ARM.attributes
                0x00000382       0x34 CMakeFiles/satellite_fc.elf.dir/src/syscalls.c.obj
 .ARM.attributes
                0x000003b6       0x34 C:/toolchains/arm-gnu-toolchain-15.2.rel1-mingw-w64-i686-arm-none-eabi/bin/../lib/gcc/arm-none-eabi/15.2.1/../../../../arm-none-eabi/lib/thumb/v7e-m+fp/hard\libc_nano.a(libc_a-exit.o)
 .ARM.attributes
                0x000003ea       0x34 C:/toolchains/arm-gnu-toolchain-15.2.rel1-mingw-w64-i686-arm-none-eabi/bin/../lib/gcc/arm-none-eabi/15.2.1/../../../../arm-none-eabi/lib/thumb/v7e-m+fp/hard\libc_nano.a(libc_a-findfp.o)
 .ARM.attributes
                0x0000041e       0x34 C:/toolchains/arm-gnu-toolchain-15.2.rel1-mingw-w64-i686-arm-none-eabi/bin/../lib/gcc/arm-none-eabi/15.2.1/../../../../arm-none-eabi/lib/thumb/v7e-m+fp/hard\libc_nano.a(libc_a-fwalk.o)
 .ARM.attributes
                0x00000452       0x34 C:/toolchains/arm-gnu-toolchain-15.2.rel1-mingw-w64-i686-arm-none-eabi/bin/../lib/gcc/arm-none-eabi/15.2.1/../../../../arm-none-eabi/lib/thumb/v7e-m+fp/hard\libc_nano.a(libc_a-snprintf.o)
 .ARM.attributes
                0x00000486       0x34 C:/toolchains/arm-gnu-toolchain-15.2.rel1-mingw-w64-i686-arm-none-eabi/bin/../lib/gcc/arm-none-eabi/15.2.1/../../../../arm-none-eabi/lib/thumb/v7e-m+fp/hard\libc_nano.a(libc_a-stdio.o)
 .ARM.attributes
                0x000004ba       0x34 C:/toolchains/arm-gnu-toolchain-15.2.rel1-mingw-w64-i686-arm-none-eabi/bin/../lib/gcc/arm-none-eabi/15.2.1/../../../../arm-none-eabi/lib/thumb/v7e-m+fp/hard\libc_nano.a(libc_a-vsnprintf.o)
 .ARM.attributes
                0x000004ee       0x34 C:/toolchains/arm-gnu-toolchain-15.2.rel1-mingw-w64-i686-arm-none-eabi/bin/../lib/gcc/arm-none-eabi/15.2.1/../../../../arm-none-eabi/lib/thumb/v7e-m+fp/hard\libc_nano.a(libc_a-memset.o)
 .ARM.attributes
                0x00000522       0x34 C:/toolchains/arm-gnu-toolchain-15.2.rel1-mingw-w64-i686-arm-none-eabi/bin/../lib/gcc/arm-none-eabi/15.2.1/../../../../arm-none-eabi/lib/thumb/v7e-m+fp/hard\libc_nano.a(libc_a-stpcpy.o)
 .ARM.attributes
                0x00000556       0x34 C:/toolchains/arm-gnu-toolchain-15.2.rel1-mingw-w64-i686-arm-none-eabi/bin/../lib/gcc/arm-none-eabi/15.2.1/../../../../arm-none-eabi/lib/thumb/v7e-m+fp/hard\libc_nano.a(libc_a-closer.o)
 .ARM.attributes
                0x0000058a       0x34 C:/toolchains/arm-gnu-toolchain-15.2.rel1-mingw-w64-i686-arm-none-eabi/bin/../lib/gcc/arm-none-eabi/15.2.1/../../../../arm-none-eabi/lib/thumb/v7e-m+fp/hard\libc_nano.a(libc_a-reent.o)
 .ARM.attributes
                0x000005be       0x34 C:/toolchains/arm-gnu-toolchain-15.2.rel1-mingw-w64-i686-arm-none-eabi/bin/../lib/gcc/arm-none-eabi/15.2.1/../../../../arm-none-eabi/lib/thumb/v7e-m+fp/hard\libc_nano.a(libc_a-impure.o)
 .ARM.attributes
                0x000005f2       0x34 C:/toolchains/arm-gnu-toolchain-15.2.rel1-mingw-w64-i686-arm-none-eabi/bin/../lib/gcc/arm-none-eabi/15.2.1/../../../../arm-none-eabi/lib/thumb/v7e-m+fp/hard\libc_nano.a(libc_a-lseekr.o)
 .ARM.attributes
                0x00000626       0x34 C:/toolchains/arm-gnu-toolchain-15.2.rel1-mingw-w64-i686-arm-none-eabi/bin/../lib/gcc/arm-none-eabi/15.2.1/../../../../arm-none-eabi/lib/thumb/v7e-m+fp/hard\libc_nano.a(libc_a-readr.o)
 .ARM.attributes
                0x0000065a       0x34 C:/toolchains/arm-gnu-toolchain-15.2.rel1-mingw-w64-i686-arm-none-eabi/bin/../lib/gcc/arm-none-eabi/15.2.1/../../../../arm-none-eabi/lib/thumb/v7e-m+fp/hard\libc_nano.a(libc_a-writer.o)
 .ARM.attributes
                0x0000068e       0x34 C:/toolchains/arm-gnu-toolchain-15.2.rel1-mingw-w64-i686-arm-none-eabi/bin/../lib/gcc/arm-none-eabi/15.2.1/../../../../arm-none-eabi/lib/thumb/v7e-m+fp/hard\libc_nano.a(libc_a-init.o)
 .ARM.attributes
                0x000006c2       0x34 C:/toolchains/arm-gnu-toolchain-15.2.rel1-mingw-w64-i686-arm-none-eabi/bin/../lib/gcc/arm-none-eabi/15.2.1/../../../../arm-none-eabi/lib/thumb/v7e-m+fp/hard\libc_nano.a(libc_a-lock.o)
 .ARM.attributes
                0x000006f6       0x34 C:/toolchains/arm-gnu-toolchain-15.2.rel1-mingw-w64-i686-arm-none-eabi/bin/../lib/gcc/arm-none-eabi/15.2.1/../../../../arm-none-eabi/lib/thumb/v7e-m+fp/hard\libc_nano.a(libc_a-memcpy-stub.o)
 .ARM.attributes
                0x0000072a       0x34 C:/toolchains/arm-gnu-toolchain-15.2.rel1-mingw-w64-i686-arm-none-eabi/bin/../lib/gcc/arm-none-eabi/15.2.1/../../../../arm-none-eabi/lib/thumb/v7e-m+fp/hard\libc_nano.a(libc_a-freer.o)
 .ARM.attributes
                0x0000075e       0x34 C:/toolchains/arm-gnu-toolchain-15.2.rel1-mingw-w64-i686-arm-none-eabi/bin/../lib/gcc/arm-none-eabi/15.2.1/../../../../arm-none-eabi/lib/thumb/v7e-m+fp/hard\libc_nano.a(libc_a-mallocr.o)
 .ARM.attributes
                0x00000792       0x34 C:/toolchains/arm-gnu-toolchain-15.2.rel1-mingw-w64-i686-arm-none-eabi/bin/../lib/gcc/arm-none-eabi/15.2.1/../../../../arm-none-eabi/lib/thumb/v7e-m+fp/hard\libc_nano.a(libc_a-mlock.o)
 .ARM.attributes
                0x000007c6       0x34 C:/toolchains/arm-gnu-toolchain-15.2.rel1-mingw-w64-i686-arm-none-eabi/bin/../lib/gcc/arm-none-eabi/15.2.1/../../../../arm-none-eabi/lib/thumb/v7e-m+fp/hard\libc_nano.a(libc_a-nano-svfprintf.o)
 .ARM.attributes
                0x000007fa       0x34 C:/toolchains/arm-gnu-toolchain-15.2.rel1-mingw-w64-i686-arm-none-eabi/bin/../lib/gcc/arm-none-eabi/15.2.1/../../../../arm-none-eabi/lib/thumb/v7e-m+fp/hard\libc_nano.a(libc_a-nano-vfprintf_i.o)
 .ARM.attributes
                0x0000082e       0x34 C:/toolchains/arm-gnu-toolchain-15.2.rel1-mingw-w64-i686-arm-none-eabi/bin/../lib/gcc/arm-none-eabi/15.2.1/../../../../arm-none-eabi/lib/thumb/v7e-m+fp/hard\libc_nano.a(libc_a-fflush.o)
 .ARM.attributes
                0x00000862       0x34 C:/toolchains/arm-gnu-toolchain-15.2.rel1-mingw-w64-i686-arm-none-eabi/bin/../lib/gcc/arm-none-eabi/15.2.1/../../../../arm-none-eabi/lib/thumb/v7e-m+fp/hard\libc_nano.a(libc_a-memmove.o)
 .ARM.attributes
                0x00000896       0x34 C:/toolchains/arm-gnu-toolchain-15.2.rel1-mingw-w64-i686-arm-none-eabi/bin/../lib/gcc/arm-none-eabi/15.2.1/../../../../arm-none-eabi/lib/thumb/v7e-m+fp/hard\libc_nano.a(libc_a-sbrkr.o)
 .ARM.attributes
                0x000008ca       0x1c C:/toolchains/arm-gnu-toolchain-15.2.rel1-mingw-w64-i686-arm-none-eabi/bin/../lib/gcc/arm-none-eabi/15.2.1/../../../../arm-none-eabi/lib/thumb/v7e-m+fp/hard\libc_nano.a(libc_a-memchr.o)
 .ARM.attributes
                0x000008e6       0x34 C:/toolchains/arm-gnu-toolchain-15.2.rel1-mingw-w64-i686-arm-none-eabi/bin/../lib/gcc/arm-none-eabi/15.2.1/../../../../arm-none-eabi/lib/thumb/v7e-m+fp/hard\libc_nano.a(libc_a-reallocr.o)
 .ARM.attributes
                0x0000091a       0x34 C:/toolchains/arm-gnu-toolchain-15.2.rel1-mingw-w64-i686-arm-none-eabi/bin/../lib/gcc/arm-none-eabi/15.2.1/../../../../arm-none-eabi/lib/thumb/v7e-m+fp/hard\libc_nano.a(libc_a-msizer.o)
 .ARM.attributes
                0x0000094e       0x34 C:/toolchains/arm-gnu-toolchain-15.2.rel1-mingw-w64-i686-arm-none-eabi/bin/../lib/gcc/arm-none-eabi/15.2.1/../../../../arm-none-eabi/lib/thumb/v7e-m+fp/hard\libm.a(libm_a-sf_cos.o)
 .ARM.attributes
                0x00000982       0x34 C:/toolchains/arm-gnu-toolchain-15.2.rel1-mingw-w64-i686-arm-none-eabi/bin/../lib/gcc/arm-none-eabi/15.2.1/../../../../arm-none-eabi/lib/thumb/v7e-m+fp/hard\libm.a(libm_a-sf_sin.o)
 .ARM.attributes
                0x000009b6       0x34 C:/toolchains/arm-gnu-toolchain-15.2.rel1-mingw-w64-i686-arm-none-eabi/bin/../lib/gcc/arm-none-eabi/15.2.1/../../../../arm-none-eabi/lib/thumb/v7e-m+fp/hard\libm.a(libm_a-kf_cos.o)
 .ARM.attributes
                0x000009ea       0x34 C:/toolchains/arm-gnu-toolchain-15.2.rel1-mingw-w64-i686-arm-none-eabi/bin/../lib/gcc/arm-none-eabi/15.2.1/../../../../arm-none-eabi/lib/thumb/v7e-m+fp/hard\libm.a(libm_a-kf_sin.o)
 .ARM.attributes
                0x00000a1e       0x34 C:/toolchains/arm-gnu-toolchain-15.2.rel1-mingw-w64-i686-arm-none-eabi/bin/../lib/gcc/arm-none-eabi/15.2.1/../../../../arm-none-eabi/lib/thumb/v7e-m+fp/hard\libm.a(libm_a-ef_rem_pio2.o)
 .ARM.attributes
                0x00000a52       0x34 C:/toolchains/arm-gnu-toolchain-15.2.rel1-mingw-w64-i686-arm-none-eabi/bin/../lib/gcc/arm-none-eabi/15.2.1/../../../../arm-none-eabi/lib/thumb/v7e-m+fp/hard\libm.a(libm_a-sf_fabs.o)
 .ARM.attributes
                0x00000a86       0x34 C:/toolchains/arm-gnu-toolchain-15.2.rel1-mingw-w64-i686-arm-none-eabi/bin/../lib/gcc/arm-none-eabi/15.2.1/../../../../arm-none-eabi/lib/thumb/v7e-m+fp/hard\libm.a(libm_a-kf_rem_pio2.o)
 .ARM.attributes
                0x00000aba       0x34 C:/toolchains/arm-gnu-toolchain-15.2.rel1-mingw-w64-i686-arm-none-eabi/bin/../lib/gcc/arm-none-eabi/15.2.1/../../../../arm-none-eabi/lib/thumb/v7e-m+fp/hard\libm.a(libm_a-sf_scalbn.o)
 .ARM.attributes
                0x00000aee       0x34 C:/toolchains/arm-gnu-toolchain-15.2.rel1-mingw-w64-i686-arm-none-eabi/bin/../lib/gcc/arm-none-eabi/15.2.1/../../../../arm-none-eabi/lib/thumb/v7e-m+fp/hard\libm.a(libm_a-sf_floor.o)
 .ARM.attributes
                0x00000b22       0x34 C:/toolchains/arm-gnu-toolchain-15.2.rel1-mingw-w64-i686-arm-none-eabi/bin/../lib/gcc/arm-none-eabi/15.2.1/../../../../arm-none-eabi/lib/thumb/v7e-m+fp/hard\libnosys.a(_exit.o)
 .ARM.attributes
                0x00000b56       0x34 C:/toolchains/arm-gnu-toolchain-15.2.rel1-mingw-w64-i686-arm-none-eabi/bin/../lib/gcc/arm-none-eabi/15.2.1/thumb/v7e-m+fp/hard/crtend.o
 .ARM.attributes
                0x00000b8a       0x22 C:/toolchains/arm-gnu-toolchain-15.2.rel1-mingw-w64-i686-arm-none-eabi/bin/../lib/gcc/arm-none-eabi/15.2.1/thumb/v7e-m+fp/hard/crtn.o
 *(.gnu.attributes)

.note.gnu.arm.ident
 *(.note.gnu.arm.ident)

/DISCARD/
 *(.note.GNU-stack)
 *(.gnu_debuglink)
 *(.gnu.lto_*)
 *(.gnu_object_only)
OUTPUT(satellite_fc.elf elf32-littlearm)
LOAD linker stubs
