Archive member included to satisfy reference by file (symbol)

C:/arm-toolchain/bin/../lib/gcc/arm-none-eabi/15.2.1/../../../../arm-none-eabi/lib/thumb/v7-m/nofp\libm.a(libm_a-sf_cos.o)
                              CMakeFiles/satellite_fc.elf.dir/src/tasks/adcs_task.c.obj (cosf)
C:/arm-toolchain/bin/../lib/gcc/arm-none-eabi/15.2.1/../../../../arm-none-eabi/lib/thumb/v7-m/nofp\libm.a(libm_a-sf_sin.o)
                              CMakeFiles/satellite_fc.elf.dir/src/tasks/adcs_task.c.obj (sinf)
C:/arm-toolchain/bin/../lib/gcc/arm-none-eabi/15.2.1/../../../../arm-none-eabi/lib/thumb/v7-m/nofp\libm.a(libm_a-kf_cos.o)
                              C:/arm-toolchain/bin/../lib/gcc/arm-none-eabi/15.2.1/../../../../arm-none-eabi/lib/thumb/v7-m/nofp\libm.a(libm_a-sf_cos.o) (__kernel_cosf)
C:/arm-toolchain/bin/../lib/gcc/arm-none-eabi/15.2.1/../../../../arm-none-eabi/lib/thumb/v7-m/nofp\libm.a(libm_a-kf_sin.o)
                              C:/arm-toolchain/bin/../lib/gcc/arm-none-eabi/15.2.1/../../../../arm-none-eabi/lib/thumb/v7-m/nofp\libm.a(libm_a-sf_cos.o) (__kernel_sinf)
C:/arm-toolchain/bin/../lib/gcc/arm-none-eabi/15.2.1/../../../../arm-none-eabi/lib/thumb/v7-m/nofp\libm.a(libm_a-ef_rem_pio2.o)
                              C:/arm-toolchain/bin/../lib/gcc/arm-none-eabi/15.2.1/../../../../arm-none-eabi/lib/thumb/v7-m/nofp\libm.a(libm_a-sf_cos.o) (__ieee754_rem_pio2f)
C:/arm-toolchain/bin/../lib/gcc/arm-none-eabi/15.2.1/../../../../arm-none-eabi/lib/thumb/v7-m/nofp\libm.a(libm_a-sf_fabs.o)
                              C:/arm-toolchain/bin/../lib/gcc/arm-none-eabi/15.2.1/../../../../arm-none-eabi/lib/thumb/v7-m/nofp\libm.a(libm_a-ef_rem_pio2.o) (fabsf)
C:/arm-toolchain/bin/../lib/gcc/arm-none-eabi/15.2.1/../../../../arm-none-eabi/lib/thumb/v7-m/nofp\libm.a(libm_a-kf_rem_pio2.o)
                              C:/arm-toolchain/bin/../lib/gcc/arm-none-eabi/15.2.1/../../../../arm-none-eabi/lib/thumb/v7-m/nofp\libm.a(libm_a-ef_rem_pio2.o) (__kernel_rem_pio2f)
C:/arm-toolchain/bin/../lib/gcc/arm-none-eabi/15.2.1/../../../../arm-none-eabi/lib/thumb/v7-m/nofp\libm.a(libm_a-sf_scalbn.o)
                              C:/arm-toolchain/bin/../lib/gcc/arm-none-eabi/15.2.1/../../../../arm-none-eabi/lib/thumb/v7-m/nofp\libm.a(libm_a-kf_rem_pio2.o) (scalbnf)
C:/arm-toolchain/bin/../lib/gcc/arm-none-eabi/15.2.1/../../../../arm-none-eabi/lib/thumb/v7-m/nofp\libm.a(libm_a-sf_floor.o)
                              C:/arm-toolchain/bin/../lib/gcc/arm-none-eabi/15.2.1/../../../../arm-none-eabi/lib/thumb/v7-m/nofp\libm.a(libm_a-kf_rem_pio2.o) (floorf)
C:/arm-toolchain/bin/../lib/gcc/arm-none-eabi/15.2.1/thumb/v7-m/nofp\libgcc.a(_arm_mulsf3.o)
                              CMakeFiles/satellite_fc.elf.dir/src/tasks/adcs_task.c.obj (__aeabi_fmul)
C:/arm-toolchain/bin/../lib/gcc/arm-none-eabi/15.2.1/thumb/v7-m/nofp\libgcc.a(_arm_addsubsf3.o)
                              CMakeFiles/satellite_fc.elf.dir/src/tasks/adcs_task.c.obj (__aeabi_fsub)
C:/arm-toolchain/bin/../lib/gcc/arm-none-eabi/15.2.1/thumb/v7-m/nofp\libgcc.a(_arm_cmpsf2.o)
                              C:/arm-toolchain/bin/../lib/gcc/arm-none-eabi/15.2.1/../../../../arm-none-eabi/lib/thumb/v7-m/nofp\libm.a(libm_a-ef_rem_pio2.o) (__aeabi_fcmpeq)
C:/arm-toolchain/bin/../lib/gcc/arm-none-eabi/15.2.1/thumb/v7-m/nofp\libgcc.a(_arm_fixsfsi.o)
                              C:/arm-toolchain/bin/../lib/gcc/arm-none-eabi/15.2.1/../../../../arm-none-eabi/lib/thumb/v7-m/nofp\libm.a(libm_a-kf_cos.o) (__aeabi_f2iz)
C:/arm-toolchain/bin/../lib/gcc/arm-none-eabi/15.2.1/../../../../arm-none-eabi/lib/thumb/v7-m/nofp\libc_nano.a(libc_a-exit.o)
                              C:/arm-toolchain/bin/../lib/gcc/arm-none-eabi/15.2.1/../../../../arm-none-eabi/lib/thumb/v7-m/nofp/crt0.o (exit)
C:/arm-toolchain/bin/../lib/gcc/arm-none-eabi/15.2.1/../../../../arm-none-eabi/lib/thumb/v7-m/nofp\libc_nano.a(libc_a-findfp.o)
                              C:/arm-toolchain/bin/../lib/gcc/arm-none-eabi/15.2.1/../../../../arm-none-eabi/lib/thumb/v7-m/nofp\libc_nano.a(libc_a-exit.o) (__stdio_exit_handler)
C:/arm-toolchain/bin/../lib/gcc/arm-none-eabi/15.2.1/../../../../arm-none-eabi/lib/thumb/v7-m/nofp\libc_nano.a(libc_a-fwalk.o)
                              C:/arm-toolchain/bin/../lib/gcc/arm-none-eabi/15.2.1/../../../../arm-none-eabi/lib/thumb/v7-m/nofp\libc_nano.a(libc_a-findfp.o) (_fwalk_sglue)
C:/arm-toolchain/bin/../lib/gcc/arm-none-eabi/15.2.1/../../../../arm-none-eabi/lib/thumb/v7-m/nofp\libc_nano.a(libc_a-snprintf.o)
                              CMakeFiles/satellite_fc.elf.dir/FreeRTOS/Source/tasks.c.obj (snprintf)
C:/arm-toolchain/bin/../lib/gcc/arm-none-eabi/15.2.1/../../../../arm-none-eabi/lib/thumb/v7-m/nofp\libc_nano.a(libc_a-stdio.o)
                              C:/arm-toolchain/bin/../lib/gcc/arm-none-eabi/15.2.1/../../../../arm-none-eabi/lib/thumb/v7-m/nofp\libc_nano.a(libc_a-findfp.o) (__sread)
[...]
Memory Configuration

Name             Origin             Length             Attributes
FLASH            0x00000000         0x00040000         xr
RAM              0x20000000         0x00010000         xrw
*default*        0x00000000         0xffffffff

Linker script and memory map

LOAD C:/arm-toolchain/bin/../lib/gcc/arm-none-eabi/15.2.1/thumb/v7-m/nofp/crti.o
LOAD C:/arm-toolchain/bin/../lib/gcc/arm-none-eabi/15.2.1/thumb/v7-m/nofp/crtbegin.o
LOAD C:/arm-toolchain/bin/../lib/gcc/arm-none-eabi/15.2.1/../../../../arm-none-eabi/lib/thumb/v7-m/nofp/crt0.o
LOAD CMakeFiles/satellite_fc.elf.dir/src/startup.c.obj
LOAD CMakeFiles/satellite_fc.elf.dir/src/main.c.obj
LOAD CMakeFiles/satellite_fc.elf.dir/src/tasks/adcs_task.c.obj
LOAD CMakeFiles/satellite_fc.elf.dir/src/tasks/telemetry_task.c.obj
LOAD CMakeFiles/satellite_fc.elf.dir/src/tasks/health_monitor.c.obj
LOAD CMakeFiles/satellite_fc.elf.dir/src/tasks/command_handler.c.obj
LOAD CMakeFiles/satellite_fc.elf.dir/src/drivers/uart_driver.c.obj
LOAD CMakeFiles/satellite_fc.elf.dir/src/drivers/watchdog.c.obj
LOAD CMakeFiles/satellite_fc.elf.dir/FreeRTOS/Source/tasks.c.obj
LOAD CMakeFiles/satellite_fc.elf.dir/FreeRTOS/Source/queue.c.obj
LOAD CMakeFiles/satellite_fc.elf.dir/FreeRTOS/Source/list.c.obj
LOAD CMakeFiles/satellite_fc.elf.dir/FreeRTOS/Source/timers.c.obj
LOAD CMakeFiles/satellite_fc.elf.dir/FreeRTOS/Source/event_groups.c.obj
LOAD CMakeFiles/satellite_fc.elf.dir/FreeRTOS/Source/portable/GCC/ARM_CM3/port.c.obj
LOAD CMakeFiles/satellite_fc.elf.dir/FreeRTOS/Source/portable/MemMang/heap_4.c.obj
LOAD C:/arm-toolchain/bin/../lib/gcc/arm-none-eabi/15.2.1/../../../../arm-none-eabi/lib/thumb/v7-m/nofp\libm.a
START GROUP
LOAD C:/arm-toolchain/bin/../lib/gcc/arm-none-eabi/15.2.1/thumb/v7-m/nofp\libgcc.a
LOAD C:/arm-toolchain/bin/../lib/gcc/arm-none-eabi/15.2.1/../../../../arm-none-eabi/lib/thumb/v7-m/nofp\libc_nano.a
END GROUP
START GROUP
LOAD C:/arm-toolchain/bin/../lib/gcc/arm-none-eabi/15.2.1/thumb/v7-m/nofp\libgcc.a
LOAD C:/arm-toolchain/bin/../lib/gcc/arm-none-eabi/15.2.1/../../../../arm-none-eabi/lib/thumb/v7-m/nofp\libc_nano.a
LOAD C:/arm-toolchain/bin/../lib/gcc/arm-none-eabi/15.2.1/../../../../arm-none-eabi/lib/thumb/v7-m/nofp\libnosys.a
END GROUP
START GROUP
LOAD C:/arm-toolchain/bin/../lib/gcc/arm-none-eabi/15.2.1/thumb/v7-m/nofp\libgcc.a
LOAD C:/arm-toolchain/bin/../lib/gcc/arm-none-eabi/15.2.1/../../../../arm-none-eabi/lib/thumb/v7-m/nofp\libc_nano.a
LOAD C:/arm-toolchain/bin/../lib/gcc/arm-none-eabi/15.2.1/../../../../arm-none-eabi/lib/thumb/v7-m/nofp\libnosys.a
END GROUP
LOAD C:/arm-toolchain/bin/../lib/gcc/arm-none-eabi/15.2.1/thumb/v7-m/nofp/crtend.o
LOAD C:/arm-toolchain/bin/../lib/gcc/arm-none-eabi/15.2.1/thumb/v7-m/nofp/crtn.o
                0x20010000                        PROVIDE (_estack = (ORIGIN (RAM) + LENGTH (RAM)))

.text           0x00000000     0x4cd4
 *(.isr_vector)
 .isr_vector    0x00000000       0x40 CMakeFiles/satellite_fc.elf.dir/src/startup.c.obj
                0x00000000                isr_vectors
 *(.text)
 .text          0x00000040      0x168 C:/arm-toolchain/bin/../lib/gcc/arm-none-eabi/15.2.1/thumb/v7-m/nofp\libgcc.a(_arm_mulsf3.o)
                0x00000040                __aeabi_fmul
                0x00000040                __mulsf3
 .text          0x000001a8      0x21c C:/arm-toolchain/bin/../lib/gcc/arm-none-eabi/15.2.1/thumb/v7-m/nofp\libgcc.a(_arm_addsubsf3.o)
                0x000001a8                __aeabi_frsub
                0x000001b0                __subsf3
                0x000001b0                __aeabi_fsub
                0x000001b4                __aeabi_fadd
                0x000001b4                __addsf3
                0x00000314                __aeabi_ui2f
                0x00000314                __floatunsisf
                0x0000031c                __aeabi_i2f
                0x0000031c                __floatsisf
                0x00000338                __aeabi_ul2f
                0x00000338                __floatundisf
                0x00000348                __aeabi_l2f
                0x00000348                __floatdisf
 .text          0x000003c4       0xec C:/arm-toolchain/bin/../lib/gcc/arm-none-eabi/15.2.1/thumb/v7-m/nofp\libgcc.a(_arm_cmpsf2.o)
                0x000003c4                __gesf2
                0x000003c4                __gtsf2
                0x000003cc                __lesf2
                0x000003cc                __ltsf2
                0x000003d4                __nesf2
                0x000003d4                __eqsf2
                0x000003d4                __cmpsf2
                0x00000434                __aeabi_cfrcmple
                0x0000043c                __aeabi_cfcmpeq
                0x0000043c                __aeabi_cfcmple
                0x0000044c                __aeabi_fcmpeq
                0x00000460                __aeabi_fcmplt
                0x00000474                __aeabi_fcmple
                0x00000488                __aeabi_fcmpge
                0x0000049c                __aeabi_fcmpgt
 .text          0x000004b0       0x4c C:/arm-toolchain/bin/../lib/gcc/arm-none-eabi/15.2.1/thumb/v7-m/nofp\libgcc.a(_arm_fixsfsi.o)
                0x000004b0                __aeabi_f2iz
                0x000004b0                __fixsfsi
 *(.text*)
 .text.Default_Handler
                0x000004fc        0x4 CMakeFiles/satellite_fc.elf.dir/src/startup.c.obj
                0x000004fc                HardFault_Handler
                0x000004fc                NMI_Handler
                0x000004fc                UsageFault_Handler
                0x000004fc                Default_Handler
                0x000004fc                MemManage_Handler
                0x000004fc                BusFault_Handler
                0x000004fc                DebugMon_Handler
 .text.Reset_Handler
                0x00000500       0x50 CMakeFiles/satellite_fc.elf.dir/src/startup.c.obj
                0x00000500                Reset_Handler
 .text.startup.main
                0x00000550      0x15c CMakeFiles/satellite_fc.elf.dir/src/main.c.obj
                0x00000550                main
 .text.vApplicationIdleHook
                0x000006ac        0x4 CMakeFiles/satellite_fc.elf.dir/src/main.c.obj
                0x000006ac                vApplicationIdleHook
 .text.vApplicationStackOverflowHook
                0x000006b0       0x10 CMakeFiles/satellite_fc.elf.dir/src/main.c.obj
                0x000006b0                vApplicationStackOverflowHook
 .text.vApplicationMallocFailedHook
                0x000006c0       0x10 CMakeFiles/satellite_fc.elf.dir/src/main.c.obj
                0x000006c0                vApplicationMallocFailedHook
 .text.adcs_task
                0x000006d0      0x1d8 CMakeFiles/satellite_fc.elf.dir/src/tasks/adcs_task.c.obj
                0x000006d0                adcs_task
 .text.telemetry_task
                0x000008a8       0xa8 CMakeFiles/satellite_fc.elf.dir/src/tasks/telemetry_task.c.obj
                0x000008a8                telemetry_task
 .text.health_monitor_task
                0x00000950       0xac CMakeFiles/satellite_fc.elf.dir/src/tasks/health_monitor.c.obj
                0x00000950                health_monitor_task
 .text.command_handler_task
                0x000009fc       0xfc CMakeFiles/satellite_fc.elf.dir/src/tasks/command_handler.c.obj
                0x000009fc                command_handler_task
 .text.uart_init
                0x00000af8       0x4c CMakeFiles/satellite_fc.elf.dir/src/drivers/uart_driver.c.obj
                0x00000af8                uart_init
 .text.uart_puts
                0x00000b44       0x1c CMakeFiles/satellite_fc.elf.dir/src/drivers/uart_driver.c.obj
                0x00000b44                uart_puts
 .text.uart_printf
                0x00000b60       0x6c CMakeFiles/satellite_fc.elf.dir/src/drivers/uart_driver.c.obj
                0x00000b60                uart_printf
 .text.uart_write_bytes
                0x00000bcc       0x70 CMakeFiles/satellite_fc.elf.dir/src/drivers/uart_driver.c.obj
                0x00000bcc                uart_write_bytes
 .text.uart_getc
                0x00000c3c       0x34 CMakeFiles/satellite_fc.elf.dir/src/drivers/uart_driver.c.obj
                0x00000c3c                uart_getc
 .text.wdt_expire_cb
                0x00000c70       0x20 CMakeFiles/satellite_fc.elf.dir/src/drivers/watchdog.c.obj
 .text.watchdog_init
                0x00000c90       0x58 CMakeFiles/satellite_fc.elf.dir/src/drivers/watchdog.c.obj
                0x00000c90                watchdog_init
 .text.watchdog_kick
                0x00000ce8       0x24 CMakeFiles/satellite_fc.elf.dir/src/drivers/watchdog.c.obj
                0x00000ce8                watchdog_kick
 .text.prvAddCurrentTaskToDelayedList
                0x00000d0c       0xcc CMakeFiles/satellite_fc.elf.dir/FreeRTOS/Source/tasks.c.obj
 .text.prvCheckTasksWaitingTermination
                0x00000dd8       0x4c CMakeFiles/satellite_fc.elf.dir/FreeRTOS/Source/tasks.c.obj
 .text.prvIdleTask
                0x00000e24       0x2c CMakeFiles/satellite_fc.elf.dir/FreeRTOS/Source/tasks.c.obj
 .text.xTaskIncrementTick.part.0
                0x00000e50      0x1bc CMakeFiles/satellite_fc.elf.dir/FreeRTOS/Source/tasks.c.obj
 .text.xTaskResumeAll.part.0
                0x0000100c      0x1a0 CMakeFiles/satellite_fc.elf.dir/FreeRTOS/Source/tasks.c.obj
 .text.xTaskCreate
                0x000011ac      0x214 CMakeFiles/satellite_fc.elf.dir/FreeRTOS/Source/tasks.c.obj
                0x000011ac                xTaskCreate
 .text.xTaskDelayUntil
                0x000013c0       0xc4 CMakeFiles/satellite_fc.elf.dir/FreeRTOS/Source/tasks.c.obj
                0x000013c0                xTaskDelayUntil
 .text.vTaskDelay
                0x00001484       0x6c CMakeFiles/satellite_fc.elf.dir/FreeRTOS/Source/tasks.c.obj
                0x00001484                vTaskDelay
 .text.vTaskStartScheduler
                0x000014f0       0x90 CMakeFiles/satellite_fc.elf.dir/FreeRTOS/Source/tasks.c.obj
                0x000014f0                vTaskStartScheduler
 .text.vTaskSuspendAll
                0x00001580       0x10 CMakeFiles/satellite_fc.elf.dir/FreeRTOS/Source/tasks.c.obj
                0x00001580                vTaskSuspendAll
 .text.xTaskResumeAll
                0x00001590       0x2c CMakeFiles/satellite_fc.elf.dir/FreeRTOS/Source/tasks.c.obj
                0x00001590                xTaskResumeAll
 .text.xTaskGetTickCount
                0x000015bc        0xc CMakeFiles/satellite_fc.elf.dir/FreeRTOS/Source/tasks.c.obj
                0x000015bc                xTaskGetTickCount
 .text.xTaskIncrementTick
                0x000015c8       0x20 CMakeFiles/satellite_fc.elf.dir/FreeRTOS/Source/tasks.c.obj
                0x000015c8                xTaskIncrementTick
 .text.vTaskSwitchContext
                0x000015e8       0xbc CMakeFiles/satellite_fc.elf.dir/FreeRTOS/Source/tasks.c.obj
                0x000015e8                vTaskSwitchContext
 .text.vTaskPlaceOnEventList
                0x000016a4       0x34 CMakeFiles/satellite_fc.elf.dir/FreeRTOS/Source/tasks.c.obj
                0x000016a4                vTaskPlaceOnEventList
 .text.vTaskPlaceOnEventListRestricted
                0x000016d8       0x70 CMakeFiles/satellite_fc.elf.dir/FreeRTOS/Source/tasks.c.obj
                0x000016d8                vTaskPlaceOnEventListRestricted
 .text.xTaskRemoveFromEventList
                0x00001748      0x104 CMakeFiles/satellite_fc.elf.dir/FreeRTOS/Source/tasks.c.obj
                0x00001748                xTaskRemoveFromEventList
 .text.vTaskInternalSetTimeOutState
                0x0000184c       0x18 CMakeFiles/satellite_fc.elf.dir/FreeRTOS/Source/tasks.c.obj
                0x0000184c                vTaskInternalSetTimeOutState
 .text.xTaskCheckForTimeOut
                0x00001864       0x94 CMakeFiles/satellite_fc.elf.dir/FreeRTOS/Source/tasks.c.obj
                0x00001864                xTaskCheckForTimeOut
 .text.vTaskMissedYield
                0x000018f8        0xc CMakeFiles/satellite_fc.elf.dir/FreeRTOS/Source/tasks.c.obj
                0x000018f8                vTaskMissedYield
 .text.uxTaskGetStackHighWaterMark
                0x00001904       0x44 CMakeFiles/satellite_fc.elf.dir/FreeRTOS/Source/tasks.c.obj
                0x00001904                uxTaskGetStackHighWaterMark
 .text.xTaskGetSchedulerState
                0x00001948       0x20 CMakeFiles/satellite_fc.elf.dir/FreeRTOS/Source/tasks.c.obj
                0x00001948                xTaskGetSchedulerState
 .text.xTaskPriorityInherit
                0x00001968       0xc4 CMakeFiles/satellite_fc.elf.dir/FreeRTOS/Source/tasks.c.obj
                0x00001968                xTaskPriorityInherit
 .text.xTaskPriorityDisinherit
                0x00001a2c       0xc0 CMakeFiles/satellite_fc.elf.dir/FreeRTOS/Source/tasks.c.obj
                0x00001a2c                xTaskPriorityDisinherit
 .text.vTaskPriorityDisinheritAfterTimeout
                0x00001aec       0xdc CMakeFiles/satellite_fc.elf.dir/FreeRTOS/Source/tasks.c.obj
                0x00001aec                vTaskPriorityDisinheritAfterTimeout
 .text.pvTaskIncrementMutexHeldCount
                0x00001bc8       0x14 CMakeFiles/satellite_fc.elf.dir/FreeRTOS/Source/tasks.c.obj
                0x00001bc8                pvTaskIncrementMutexHeldCount
 .text.prvCopyDataToQueue
                0x00001bdc       0x7c CMakeFiles/satellite_fc.elf.dir/FreeRTOS/Source/queue.c.obj
 .text.prvUnlockQueue
                0x00001c58       0x80 CMakeFiles/satellite_fc.elf.dir/FreeRTOS/Source/queue.c.obj
 .text.xQueueGenericReset
                0x00001cd8       0xb8 CMakeFiles/satellite_fc.elf.dir/FreeRTOS/Source/queue.c.obj
                0x00001cd8                xQueueGenericReset
 .text.xQueueGenericCreate
                0x00001d90       0x64 CMakeFiles/satellite_fc.elf.dir/FreeRTOS/Source/queue.c.obj
                0x00001d90                xQueueGenericCreate
 .text.xQueueGenericSend
                0x00001df4      0x180 CMakeFiles/satellite_fc.elf.dir/FreeRTOS/Source/queue.c.obj
                0x00001df4                xQueueGenericSend
 .text.xQueueCreateMutex
                0x00001f74       0x38 CMakeFiles/satellite_fc.elf.dir/FreeRTOS/Source/queue.c.obj
                0x00001f74                xQueueCreateMutex
 .text.xQueueReceive
                0x00001fac      0x184 CMakeFiles/satellite_fc.elf.dir/FreeRTOS/Source/queue.c.obj
                0x00001fac                xQueueReceive
 .text.xQueueSemaphoreTake
                0x00002130      0x198 CMakeFiles/satellite_fc.elf.dir/FreeRTOS/Source/queue.c.obj
                0x00002130                xQueueSemaphoreTake
 .text.vQueueWaitForMessageRestricted
                0x000022c8       0x50 CMakeFiles/satellite_fc.elf.dir/FreeRTOS/Source/queue.c.obj
                0x000022c8                vQueueWaitForMessageRestricted
 .text.vListInitialise
                0x00002318       0x18 CMakeFiles/satellite_fc.elf.dir/FreeRTOS/Source/list.c.obj
                0x00002318                vListInitialise
 .text.vListInitialiseItem
                0x00002330        0x8 CMakeFiles/satellite_fc.elf.dir/FreeRTOS/Source/list.c.obj
                0x00002330                vListInitialiseItem
 .text.vListInsert
                0x00002338       0x38 CMakeFiles/satellite_fc.elf.dir/FreeRTOS/Source/list.c.obj
                0x00002338                vListInsert
 .text.uxListRemove
                0x00002370       0x24 CMakeFiles/satellite_fc.elf.dir/FreeRTOS/Source/list.c.obj
                0x00002370                uxListRemove
 .text.prvCheckForValidListAndQueue
                0x00002394       0x60 CMakeFiles/satellite_fc.elf.dir/FreeRTOS/Source/timers.c.obj
 .text.prvProcessExpiredTimer
                0x000023f4       0x8c CMakeFiles/satellite_fc.elf.dir/FreeRTOS/Source/timers.c.obj
 .text.prvTimerTask
                0x00002480      0x240 CMakeFiles/satellite_fc.elf.dir/FreeRTOS/Source/timers.c.obj
 .text.xTimerCreateTimerTask
                0x000026c0       0x50 CMakeFiles/satellite_fc.elf.dir/FreeRTOS/Source/timers.c.obj
                0x000026c0                xTimerCreateTimerTask
 .text.xTimerCreate
                0x00002710       0x60 CMakeFiles/satellite_fc.elf.dir/FreeRTOS/Source/timers.c.obj
                0x00002710                xTimerCreate
 .text.xTimerGenericCommandFromTask
                0x00002770       0x58 CMakeFiles/satellite_fc.elf.dir/FreeRTOS/Source/timers.c.obj
                0x00002770                xTimerGenericCommandFromTask
 .text.SVC_Handler
                0x000027c8       0x24 CMakeFiles/satellite_fc.elf.dir/FreeRTOS/Source/portable/GCC/ARM_CM3/port.c.obj
                0x000027c8                SVC_Handler
 .text.prvPortStartFirstTask
                0x000027ec       0x20 CMakeFiles/satellite_fc.elf.dir/FreeRTOS/Source/portable/GCC/ARM_CM3/port.c.obj
 .text.PendSV_Handler
                0x0000280c       0x44 CMakeFiles/satellite_fc.elf.dir/FreeRTOS/Source/portable/GCC/ARM_CM3/port.c.obj
                0x0000280c                PendSV_Handler
 .text.prvTaskExitError
                0x00002850       0x40 CMakeFiles/satellite_fc.elf.dir/FreeRTOS/Source/portable/GCC/ARM_CM3/port.c.obj
 .text.pxPortInitialiseStack
                0x00002890       0x20 CMakeFiles/satellite_fc.elf.dir/FreeRTOS/Source/portable/GCC/ARM_CM3/port.c.obj
                0x00002890                pxPortInitialiseStack
 .text.vPortEnterCritical
                0x000028b0       0x44 CMakeFiles/satellite_fc.elf.dir/FreeRTOS/Source/portable/GCC/ARM_CM3/port.c.obj
                0x000028b0                vPortEnterCritical
 .text.vPortExitCritical
                0x000028f4       0x28 CMakeFiles/satellite_fc.elf.dir/FreeRTOS/Source/portable/GCC/ARM_CM3/port.c.obj
                0x000028f4                vPortExitCritical
 .text.SysTick_Handler
                0x0000291c       0x2c CMakeFiles/satellite_fc.elf.dir/FreeRTOS/Source/portable/GCC/ARM_CM3/port.c.obj
                0x0000291c                SysTick_Handler
 .text.vPortSetupTimerInterrupt
                0x00002948       0x18 CMakeFiles/satellite_fc.elf.dir/FreeRTOS/Source/portable/GCC/ARM_CM3/port.c.obj
                0x00002948                vPortSetupTimerInterrupt
 .text.xPortStartScheduler
                0x00002960      0x12c CMakeFiles/satellite_fc.elf.dir/FreeRTOS/Source/portable/GCC/ARM_CM3/port.c.obj
                0x00002960                xPortStartScheduler
 .text.pvPortMalloc
                0x00002a8c      0x1bc CMakeFiles/satellite_fc.elf.dir/FreeRTOS/Source/portable/MemMang/heap_4.c.obj
                0x00002a8c                pvPortMalloc
 .text.vPortFree
                0x00002c48      0x12c CMakeFiles/satellite_fc.elf.dir/FreeRTOS/Source/portable/MemMang/heap_4.c.obj
                0x00002c48                vPortFree
 .text.cosf     0x00002d74       0x64 C:/arm-toolchain/bin/../lib/gcc/arm-none-eabi/15.2.1/../../../../arm-none-eabi/lib/thumb/v7-m/nofp\libm.a(libm_a-sf_cos.o)
                0x00002d74                cosf
 .text.sinf     0x00002dd8       0x68 C:/arm-toolchain/bin/../lib/gcc/arm-none-eabi/15.2.1/../../../../arm-none-eabi/lib/thumb/v7-m/nofp\libm.a(libm_a-sf_sin.o)
                0x00002dd8                sinf
 .text.__kernel_cosf
                0x00002e40      0x194 C:/arm-toolchain/bin/../lib/gcc/arm-none-eabi/15.2.1/../../../../arm-none-eabi/lib/thumb/v7-m/nofp\libm.a(libm_a-kf_cos.o)
                0x00002e40                __kernel_cosf
 .text.__kernel_sinf
                0x00002fd4       0xf4 C:/arm-toolchain/bin/../lib/gcc/arm-none-eabi/15.2.1/../../../../arm-none-eabi/lib/thumb/v7-m/nofp\libm.a(libm_a-kf_sin.o)
                0x00002fd4                __kernel_sinf
 .text.__ieee754_rem_pio2f
                0x000030c8      0x320 C:/arm-toolchain/bin/../lib/gcc/arm-none-eabi/15.2.1/../../../../arm-none-eabi/lib/thumb/v7-m/nofp\libm.a(libm_a-ef_rem_pio2.o)
                0x000030c8                __ieee754_rem_pio2f
 .text.fabsf    0x000033e8        0x8 C:/arm-toolchain/bin/../lib/gcc/arm-none-eabi/15.2.1/../../../../arm-none-eabi/lib/thumb/v7-m/nofp\libm.a(libm_a-sf_fabs.o)
                0x000033e8                fabsf
 .text.__kernel_rem_pio2f
                0x000033f0      0x77c C:/arm-toolchain/bin/../lib/gcc/arm-none-eabi/15.2.1/../../../../arm-none-eabi/lib/thumb/v7-m/nofp\libm.a(libm_a-kf_rem_pio2.o)
                0x000033f0                __kernel_rem_pio2f
 .text.scalbnf  0x00003b6c       0xb4 C:/arm-toolchain/bin/../lib/gcc/arm-none-eabi/15.2.1/../../../../arm-none-eabi/lib/thumb/v7-m/nofp\libm.a(libm_a-sf_scalbn.o)
                0x00003b6c                scalbnf
 .text.floorf   0x00003c20       0xa4 C:/arm-toolchain/bin/../lib/gcc/arm-none-eabi/15.2.1/../../../../arm-none-eabi/lib/thumb/v7-m/nofp\libm.a(libm_a-sf_floor.o)
                0x00003c20                floorf
 .text._vsnprintf_r
                0x00003cc4       0x50 C:/arm-toolchain/bin/../lib/gcc/arm-none-eabi/15.2.1/../../../../arm-none-eabi/lib/thumb/v7-m/nofp\libc_nano.a(libc_a-vsnprintf.o)
                0x00003cc4                _vsniprintf_r
                0x00003cc4                _vsnprintf_r
 .text.vsnprintf
                0x00003d14       0x1c C:/arm-toolchain/bin/../lib/gcc/arm-none-eabi/15.2.1/../../../../arm-none-eabi/lib/thumb/v7-m/nofp\libc_nano.a(libc_a-vsnprintf.o)
                0x00003d14                vsniprintf
                0x00003d14                vsnprintf
 .text.memset   0x00003d30       0x10 C:/arm-toolchain/bin/../lib/gcc/arm-none-eabi/15.2.1/../../../../arm-none-eabi/lib/thumb/v7-m/nofp\libc_nano.a(libc_a-memset.o)
                0x00003d30                memset
 .text.__retarget_lock_acquire_recursive
                0x00003d40        0x2 C:/arm-toolchain/bin/../lib/gcc/arm-none-eabi/15.2.1/../../../../arm-none-eabi/lib/thumb/v7-m/nofp\libc_nano.a(libc_a-lock.o)
                0x00003d40                __retarget_lock_acquire_recursive
 .text.__retarget_lock_release_recursive
                0x00003d42        0x2 C:/arm-toolchain/bin/../lib/gcc/arm-none-eabi/15.2.1/../../../../arm-none-eabi/lib/thumb/v7-m/nofp\libc_nano.a(libc_a-lock.o)
                0x00003d42                __retarget_lock_release_recursive
 .text.memcpy   0x00003d44       0x1c C:/arm-toolchain/bin/../lib/gcc/arm-none-eabi/15.2.1/../../../../arm-none-eabi/lib/thumb/v7-m/nofp\libc_nano.a(libc_a-memcpy-stub.o)
                0x00003d44                memcpy
 .text._free_r  0x00003d60       0x94 C:/arm-toolchain/bin/../lib/gcc/arm-none-eabi/15.2.1/../../../../arm-none-eabi/lib/thumb/v7-m/nofp\libc_nano.a(libc_a-freer.o)
                0x00003d60                _free_r
 .text.sbrk_aligned
                0x00003df4       0x44 C:/arm-toolchain/bin/../lib/gcc/arm-none-eabi/15.2.1/../../../../arm-none-eabi/lib/thumb/v7-m/nofp\libc_nano.a(libc_a-mallocr.o)
 .text._malloc_r
                0x00003e38       0xf8 C:/arm-toolchain/bin/../lib/gcc/arm-none-eabi/15.2.1/../../../../arm-none-eabi/lib/thumb/v7-m/nofp\libc_nano.a(libc_a-mallocr.o)
                0x00003e38                _malloc_r
 .text.__malloc_lock
                0x00003f30        0xc C:/arm-toolchain/bin/../lib/gcc/arm-none-eabi/15.2.1/../../../../arm-none-eabi/lib/thumb/v7-m/nofp\libc_nano.a(libc_a-mlock.o)
                0x00003f30                __malloc_lock
 .text.__malloc_unlock
                0x00003f3c        0xc C:/arm-toolchain/bin/../lib/gcc/arm-none-eabi/15.2.1/../../../../arm-none-eabi/lib/thumb/v7-m/nofp\libc_nano.a(libc_a-mlock.o)
                0x00003f3c                __malloc_unlock
 .text.__ssputs_r
                0x00003f48       0xc0 C:/arm-toolchain/bin/../lib/gcc/arm-none-eabi/15.2.1/../../../../arm-none-eabi/lib/thumb/v7-m/nofp\libc_nano.a(libc_a-nano-svfprintf.o)
                0x00003f48                __ssputs_r
 .text._svfprintf_r
                0x00004008      0x1f0 C:/arm-toolchain/bin/../lib/gcc/arm-none-eabi/15.2.1/../../../../arm-none-eabi/lib/thumb/v7-m/nofp\libc_nano.a(libc_a-nano-svfprintf.o)
                0x00004008                _svfiprintf_r
                0x00004008                _svfprintf_r
 .text._printf_common
                0x000041f8       0xea C:/arm-toolchain/bin/../lib/gcc/arm-none-eabi/15.2.1/../../../../arm-none-eabi/lib/thumb/v7-m/nofp\libc_nano.a(libc_a-nano-vfprintf_i.o)
                0x000041f8                _printf_common
 *fill*         0x000042e2        0x2 
 .text._printf_i
                0x000042e4      0x254 C:/arm-toolchain/bin/../lib/gcc/arm-none-eabi/15.2.1/../../../../arm-none-eabi/lib/thumb/v7-m/nofp\libc_nano.a(libc_a-nano-vfprintf_i.o)
                0x000042e4                _printf_i
 .text.memmove  0x00004538       0x32 C:/arm-toolchain/bin/../lib/gcc/arm-none-eabi/15.2.1/../../../../arm-none-eabi/lib/thumb/v7-m/nofp\libc_nano.a(libc_a-memmove.o)
                0x00004538                memmove
 *fill*         0x0000456a        0x2 
 .text._sbrk_r  0x0000456c       0x20 C:/arm-toolchain/bin/../lib/gcc/arm-none-eabi/15.2.1/../../../../arm-none-eabi/lib/thumb/v7-m/nofp\libc_nano.a(libc_a-sbrkr.o)
                0x0000456c                _sbrk_r
 .text.memchr   0x0000458c       0x1c C:/arm-toolchain/bin/../lib/gcc/arm-none-eabi/15.2.1/../../../../arm-none-eabi/lib/thumb/v7-m/nofp\libc_nano.a(libc_a-memchr-stub.o)
                0x0000458c                memchr
 .text._realloc_r
                0x000045a8       0x5c C:/arm-toolchain/bin/../lib/gcc/arm-none-eabi/15.2.1/../../../../arm-none-eabi/lib/thumb/v7-m/nofp\libc_nano.a(libc_a-reallocr.o)
                0x000045a8                _realloc_r
 .text._malloc_usable_size_r
                0x00004604       0x10 C:/arm-toolchain/bin/../lib/gcc/arm-none-eabi/15.2.1/../../../../arm-none-eabi/lib/thumb/v7-m/nofp\libc_nano.a(libc_a-msizer.o)
                0x00004604                _malloc_usable_size_r
 .text._sbrk    0x00004614       0x1c C:/arm-toolchain/bin/../lib/gcc/arm-none-eabi/15.2.1/../../../../arm-none-eabi/lib/thumb/v7-m/nofp\libnosys.a(sbrk.o)
                0x00004614                _sbrk
 *(.rodata)
 *(.rodata*)
 .rodata.main.str1.4
                0x00004630      0x284 CMakeFiles/satellite_fc.elf.dir/src/main.c.obj
                                 0x87 (size before relaxing)
 .rodata.vApplicationStackOverflowHook.str1.4
                0x000048b4        0x0 CMakeFiles/satellite_fc.elf.dir/src/main.c.obj
                                 0x25 (size before relaxing)
 .rodata.vApplicationMallocFailedHook.str1.4
                0x000048b4        0x0 CMakeFiles/satellite_fc.elf.dir/src/main.c.obj
                                 0x41 (size before relaxing)
 .rodata.health_monitor_task.str1.4
                0x000048b4        0x0 CMakeFiles/satellite_fc.elf.dir/src/tasks/health_monitor.c.obj
                                 0x80 (size before relaxing)
 .rodata.command_handler_task.str1.4
                0x000048b4        0x0 CMakeFiles/satellite_fc.elf.dir/src/tasks/command_handler.c.obj
                                 0xd8 (size before relaxing)
 .rodata.wdt_expire_cb.str1.4
                0x000048b4        0x0 CMakeFiles/satellite_fc.elf.dir/src/drivers/watchdog.c.obj
                                 0x2b (size before relaxing)
 .rodata.watchdog_init.str1.4
                0x000048b4        0x0 CMakeFiles/satellite_fc.elf.dir/src/drivers/watchdog.c.obj
                                  0x4 (size before relaxing)
 .rodata.uxTopUsedPriority
                0x000048b4        0x4 CMakeFiles/satellite_fc.elf.dir/FreeRTOS/Source/tasks.c.obj
 .rodata.xTimerCreateTimerTask.str1.4
                0x000048b8        0x0 CMakeFiles/satellite_fc.elf.dir/FreeRTOS/Source/timers.c.obj
                                  0x8 (size before relaxing)
 .rodata.npio2_hw
                0x000048b8       0x80 C:/arm-toolchain/bin/../lib/gcc/arm-none-eabi/15.2.1/../../../../arm-none-eabi/lib/thumb/v7-m/nofp\libm.a(libm_a-ef_rem_pio2.o)
 .rodata.two_over_pi
                0x00004938      0x318 C:/arm-toolchain/bin/../lib/gcc/arm-none-eabi/15.2.1/../../../../arm-none-eabi/lib/thumb/v7-m/nofp\libm.a(libm_a-ef_rem_pio2.o)
 .rodata.PIo2   0x00004c50       0x2c C:/arm-toolchain/bin/../lib/gcc/arm-none-eabi/15.2.1/../../../../arm-none-eabi/lib/thumb/v7-m/nofp\libm.a(libm_a-kf_rem_pio2.o)
 .rodata.init_jk
                0x00004c7c        0xc C:/arm-toolchain/bin/../lib/gcc/arm-none-eabi/15.2.1/../../../../arm-none-eabi/lib/thumb/v7-m/nofp\libm.a(libm_a-kf_rem_pio2.o)
 .rodata._svfprintf_r.str1.1
                0x00004c88       0x33 C:/arm-toolchain/bin/../lib/gcc/arm-none-eabi/15.2.1/../../../../arm-none-eabi/lib/thumb/v7-m/nofp\libc_nano.a(libc_a-nano-svfprintf.o)
                                 0x11 (size before relaxing)
 .rodata._printf_i.str1.1
                0x00004cbb        0x0 C:/arm-toolchain/bin/../lib/gcc/arm-none-eabi/15.2.1/../../../../arm-none-eabi/lib/thumb/v7-m/nofp\libc_nano.a(libc_a-nano-vfprintf_i.o)
                                 0x22 (size before relaxing)
 *(.init)
 *fill*         0x00004cbb        0x1 
 .init          0x00004cbc        0x4 C:/arm-toolchain/bin/../lib/gcc/arm-none-eabi/15.2.1/thumb/v7-m/nofp/crti.o
                0x00004cbc                _init
 .init          0x00004cc0        0x8 C:/arm-toolchain/bin/../lib/gcc/arm-none-eabi/15.2.1/thumb/v7-m/nofp/crtn.o
 *(.fini)
 .fini          0x00004cc8        0x4 C:/arm-toolchain/bin/../lib/gcc/arm-none-eabi/15.2.1/thumb/v7-m/nofp/crti.o
                0x00004cc8                _fini
 .fini          0x00004ccc        0x8 C:/arm-toolchain/bin/../lib/gcc/arm-none-eabi/15.2.1/thumb/v7-m/nofp/crtn.o
                0x00004cd4                        . = ALIGN (0x4)
                0x00004cd4                        _etext = .
                0x00004cd4                        _sidata = LOADADDR (.data)

.glue_7         0x00004cd4        0x0
 .glue_7        0x00004cd4        0x0 linker stubs

.glue_7t        0x00004cd4        0x0
 .glue_7t       0x00004cd4        0x0 linker stubs

.vfp11_veneer   0x00004cd4        0x0
 .vfp11_veneer  0x00004cd4        0x0 linker stubs

.v4_bx          0x00004cd4        0x0
 .v4_bx         0x00004cd4        0x0 linker stubs

.iplt           0x00004cd4        0x0
 .iplt          0x00004cd4        0x0 CMakeFiles/satellite_fc.elf.dir/src/startup.c.obj

.rel.dyn        0x00004cd4        0x0
 .rel.iplt      0x00004cd4        0x0 CMakeFiles/satellite_fc.elf.dir/src/startup.c.obj

.data           0x20000000       0x54 load address 0x00004cd4
                0x20000000                        . = ALIGN (0x4)
                0x20000000                        _sdata = .
 *(.data)
 *(.data*)
 .data.uxCriticalNesting
                0x20000000        0x4 CMakeFiles/satellite_fc.elf.dir/FreeRTOS/Source/portable/GCC/ARM_CM3/port.c.obj
 .data._impure_ptr
                0x20000004        0x4 C:/arm-toolchain/bin/../lib/gcc/arm-none-eabi/15.2.1/../../../../arm-none-eabi/lib/thumb/v7-m/nofp\libc_nano.a(libc_a-impure.o)
                0x20000004                _impure_ptr
 .data._impure_data
                0x20000008       0x4c C:/arm-toolchain/bin/../lib/gcc/arm-none-eabi/15.2.1/../../../../arm-none-eabi/lib/thumb/v7-m/nofp\libc_nano.a(libc_a-impure.o)
                0x20000008                _impure_data
                0x20000054                        . = ALIGN (0x4)
                0x20000054                        _edata = .

.igot.plt       0x20000054        0x0 load address 0x00004d28
 .igot.plt      0x20000054        0x0 CMakeFiles/satellite_fc.elf.dir/src/startup.c.obj

.bss            0x20000054     0xa340 load address 0x00004d28
                0x20000054                        . = ALIGN (0x4)
                0x20000054                        _sbss = .
 *(.bss)
 *(.bss*)
 .bss.g_adcs_task_handle
                0x20000054        0x4 CMakeFiles/satellite_fc.elf.dir/src/main.c.obj
                0x20000054                g_adcs_task_handle
 .bss.g_command_queue
                0x20000058        0x4 CMakeFiles/satellite_fc.elf.dir/src/main.c.obj
                0x20000058                g_command_queue
 .bss.g_telemetry_queue
                0x2000005c        0x4 CMakeFiles/satellite_fc.elf.dir/src/main.c.obj
                0x2000005c                g_telemetry_queue
 .bss.t.0       0x20000060        0x4 CMakeFiles/satellite_fc.elf.dir/src/tasks/adcs_task.c.obj
 .bss.g_adcs_heartbeat
                0x20000064        0x4 CMakeFiles/satellite_fc.elf.dir/src/tasks/adcs_task.c.obj
                0x20000064                g_adcs_heartbeat
 .bss.g_adcs_mutex
                0x20000068        0x4 CMakeFiles/satellite_fc.elf.dir/src/tasks/adcs_task.c.obj
                0x20000068                g_adcs_mutex
 .bss.g_adcs_state
                0x2000006c       0x30 CMakeFiles/satellite_fc.elf.dir/src/tasks/adcs_task.c.obj
                0x2000006c                g_adcs_state
 .bss.seq.0     0x2000009c        0x2 CMakeFiles/satellite_fc.elf.dir/src/tasks/telemetry_task.c.obj
 .bss.log_divider.0
                0x2000009e        0x1 CMakeFiles/satellite_fc.elf.dir/src/tasks/health_monitor.c.obj
 .bss.g_fault_flags
                0x2000009f        0x1 CMakeFiles/satellite_fc.elf.dir/src/tasks/health_monitor.c.obj
                0x2000009f                g_fault_flags
 .bss.uart_mutex
                0x200000a0        0x4 CMakeFiles/satellite_fc.elf.dir/src/drivers/uart_driver.c.obj
 .bss.wdt_timer
                0x200000a4        0x4 CMakeFiles/satellite_fc.elf.dir/src/drivers/watchdog.c.obj
 .bss.uxSchedulerSuspended
                0x200000a8        0x4 CMakeFiles/satellite_fc.elf.dir/FreeRTOS/Source/tasks.c.obj
 .bss.xIdleTaskHandles
                0x200000ac        0x4 CMakeFiles/satellite_fc.elf.dir/FreeRTOS/Source/tasks.c.obj
 .bss.xNextTaskUnblockTime
                0x200000b0        0x4 CMakeFiles/satellite_fc.elf.dir/FreeRTOS/Source/tasks.c.obj
 .bss.uxTaskNumber
                0x200000b4        0x4 CMakeFiles/satellite_fc.elf.dir/FreeRTOS/Source/tasks.c.obj
 .bss.xNumOfOverflows
                0x200000b8        0x4 CMakeFiles/satellite_fc.elf.dir/FreeRTOS/Source/tasks.c.obj
 .bss.xYieldPendings
                0x200000bc        0x4 CMakeFiles/satellite_fc.elf.dir/FreeRTOS/Source/tasks.c.obj
 .bss.xPendedTicks
                0x200000c0        0x4 CMakeFiles/satellite_fc.elf.dir/FreeRTOS/Source/tasks.c.obj
 .bss.xSchedulerRunning
                0x200000c4        0x4 CMakeFiles/satellite_fc.elf.dir/FreeRTOS/Source/tasks.c.obj
 .bss.uxTopReadyPriority
                0x200000c8        0x4 CMakeFiles/satellite_fc.elf.dir/FreeRTOS/Source/tasks.c.obj
 .bss.xTickCount
                0x200000cc        0x4 CMakeFiles/satellite_fc.elf.dir/FreeRTOS/Source/tasks.c.obj
 .bss.uxCurrentNumberOfTasks
                0x200000d0        0x4 CMakeFiles/satellite_fc.elf.dir/FreeRTOS/Source/tasks.c.obj
 .bss.xSuspendedTaskList
                0x200000d4       0x14 CMakeFiles/satellite_fc.elf.dir/FreeRTOS/Source/tasks.c.obj
 .bss.uxDeletedTasksWaitingCleanUp
                0x200000e8        0x4 CMakeFiles/satellite_fc.elf.dir/FreeRTOS/Source/tasks.c.obj
 .bss.xTasksWaitingTermination
                0x200000ec       0x14 CMakeFiles/satellite_fc.elf.dir/FreeRTOS/Source/tasks.c.obj
 .bss.xPendingReadyList
                0x20000100       0x14 CMakeFiles/satellite_fc.elf.dir/FreeRTOS/Source/tasks.c.obj
 .bss.pxOverflowDelayedTaskList
                0x20000114        0x4 CMakeFiles/satellite_fc.elf.dir/FreeRTOS/Source/tasks.c.obj
 .bss.pxDelayedTaskList
                0x20000118        0x4 CMakeFiles/satellite_fc.elf.dir/FreeRTOS/Source/tasks.c.obj
 .bss.xDelayedTaskList2
                0x2000011c       0x14 CMakeFiles/satellite_fc.elf.dir/FreeRTOS/Source/tasks.c.obj
 .bss.xDelayedTaskList1
                0x20000130       0x14 CMakeFiles/satellite_fc.elf.dir/FreeRTOS/Source/tasks.c.obj
 .bss.pxReadyTasksLists
                0x20000144       0xa0 CMakeFiles/satellite_fc.elf.dir/FreeRTOS/Source/tasks.c.obj
 .bss.pxCurrentTCB
                0x200001e4        0x4 CMakeFiles/satellite_fc.elf.dir/FreeRTOS/Source/tasks.c.obj
                0x200001e4                pxCurrentTCB
 .bss.xLastTime.0
                0x200001e8        0x4 CMakeFiles/satellite_fc.elf.dir/FreeRTOS/Source/timers.c.obj
 .bss.xTimerTaskHandle
                0x200001ec        0x4 CMakeFiles/satellite_fc.elf.dir/FreeRTOS/Source/timers.c.obj
 .bss.xTimerQueue
                0x200001f0        0x4 CMakeFiles/satellite_fc.elf.dir/FreeRTOS/Source/timers.c.obj
 .bss.pxOverflowTimerList
                0x200001f4        0x4 CMakeFiles/satellite_fc.elf.dir/FreeRTOS/Source/timers.c.obj
 .bss.pxCurrentTimerList
                0x200001f8        0x4 CMakeFiles/satellite_fc.elf.dir/FreeRTOS/Source/timers.c.obj
 .bss.xActiveTimerList2
                0x200001fc       0x14 CMakeFiles/satellite_fc.elf.dir/FreeRTOS/Source/timers.c.obj
 .bss.xActiveTimerList1
                0x20000210       0x14 CMakeFiles/satellite_fc.elf.dir/FreeRTOS/Source/timers.c.obj
 .bss.ulMaxPRIGROUPValue
                0x20000224        0x4 CMakeFiles/satellite_fc.elf.dir/FreeRTOS/Source/portable/GCC/ARM_CM3/port.c.obj
 .bss.ucMaxSysCallPriority
                0x20000228        0x1 CMakeFiles/satellite_fc.elf.dir/FreeRTOS/Source/portable/GCC/ARM_CM3/port.c.obj
 *fill*         0x20000229        0x3 
 .bss.xNumberOfSuccessfulFrees
                0x2000022c        0x4 CMakeFiles/satellite_fc.elf.dir/FreeRTOS/Source/portable/MemMang/heap_4.c.obj
 .bss.xNumberOfSuccessfulAllocations
                0x20000230        0x4 CMakeFiles/satellite_fc.elf.dir/FreeRTOS/Source/portable/MemMang/heap_4.c.obj
 .bss.xMinimumEverFreeBytesRemaining
                0x20000234        0x4 CMakeFiles/satellite_fc.elf.dir/FreeRTOS/Source/portable/MemMang/heap_4.c.obj
 .bss.xFreeBytesRemaining
                0x20000238        0x4 CMakeFiles/satellite_fc.elf.dir/FreeRTOS/Source/portable/MemMang/heap_4.c.obj
 .bss.pxEnd     0x2000023c        0x4 CMakeFiles/satellite_fc.elf.dir/FreeRTOS/Source/portable/MemMang/heap_4.c.obj
 .bss.xStart    0x20000240        0x8 CMakeFiles/satellite_fc.elf.dir/FreeRTOS/Source/portable/MemMang/heap_4.c.obj
 .bss.ucHeap    0x20000248     0xa000 CMakeFiles/satellite_fc.elf.dir/FreeRTOS/Source/portable/MemMang/heap_4.c.obj
 .bss.__sf      0x2000a248      0x138 C:/arm-toolchain/bin/../lib/gcc/arm-none-eabi/15.2.1/../../../../arm-none-eabi/lib/thumb/v7-m/nofp\libc_nano.a(libc_a-findfp.o)
                0x2000a248                __sf
 .bss.errno     0x2000a380        0x4 C:/arm-toolchain/bin/../lib/gcc/arm-none-eabi/15.2.1/../../../../arm-none-eabi/lib/thumb/v7-m/nofp\libc_nano.a(libc_a-reent.o)
                0x2000a380                errno
 .bss.__lock___malloc_recursive_mutex
                0x2000a384        0x1 C:/arm-toolchain/bin/../lib/gcc/arm-none-eabi/15.2.1/../../../../arm-none-eabi/lib/thumb/v7-m/nofp\libc_nano.a(libc_a-lock.o)
                0x2000a384                __lock___malloc_recursive_mutex
 *fill*         0x2000a385        0x3 
 .bss.__malloc_sbrk_start
                0x2000a388        0x4 C:/arm-toolchain/bin/../lib/gcc/arm-none-eabi/15.2.1/../../../../arm-none-eabi/lib/thumb/v7-m/nofp\libc_nano.a(libc_a-mallocr.o)
                0x2000a388                __malloc_sbrk_start
 .bss.__malloc_free_list
                0x2000a38c        0x4 C:/arm-toolchain/bin/../lib/gcc/arm-none-eabi/15.2.1/../../../../arm-none-eabi/lib/thumb/v7-m/nofp\libc_nano.a(libc_a-mallocr.o)
                0x2000a38c                __malloc_free_list
 .bss.heap_end.0
                0x2000a390        0x4 C:/arm-toolchain/bin/../lib/gcc/arm-none-eabi/15.2.1/../../../../arm-none-eabi/lib/thumb/v7-m/nofp\libnosys.a(sbrk.o)
 *(COMMON)
                0x2000a394                        . = ALIGN (0x4)
                0x2000a394                        _ebss = .

._user_heap_stack
                0x2000a394      0x404 load address 0x00004d28
                0x2000a398                        . = ALIGN (0x8)
 *fill*         0x2000a394        0x4 
                0x2000a398                        PROVIDE (end = .)
                0x2000a798                        . = (. + 0x400)
 *fill*         0x2000a398      0x400 
                0x2000a798                        . = ALIGN (0x8)
OUTPUT(satellite_fc.elf elf32-littlearm)
LOAD linker stubs

.ARM.attributes
                0x00000000       0x29
 .ARM.attributes
                0x00000000       0x1d C:/arm-toolchain/bin/../lib/gcc/arm-none-eabi/15.2.1/thumb/v7-m/nofp/crti.o
 .ARM.attributes
                0x0000001d       0x2d CMakeFiles/satellite_fc.elf.dir/src/startup.c.obj
 .ARM.attributes
                0x0000004a       0x2d CMakeFiles/satellite_fc.elf.dir/src/main.c.obj
 .ARM.attributes
                0x00000077       0x2d CMakeFiles/satellite_fc.elf.dir/src/tasks/adcs_task.c.obj
 .ARM.attributes
                0x000000a4       0x2d CMakeFiles/satellite_fc.elf.dir/src/tasks/telemetry_task.c.obj
 .ARM.attributes
                0x000000d1       0x2d CMakeFiles/satellite_fc.elf.dir/src/tasks/health_monitor.c.obj
 .ARM.attributes
                0x000000fe       0x2d CMakeFiles/satellite_fc.elf.dir/src/tasks/command_handler.c.obj
 .ARM.attributes
                0x0000012b       0x2d CMakeFiles/satellite_fc.elf.dir/src/drivers/uart_driver.c.obj
 .ARM.attributes
                0x00000158       0x2d CMakeFiles/satellite_fc.elf.dir/src/drivers/watchdog.c.obj
 .ARM.attributes
                0x00000185       0x2d CMakeFiles/satellite_fc.elf.dir/FreeRTOS/Source/tasks.c.obj
 .ARM.attributes
                0x000001b2       0x2d CMakeFiles/satellite_fc.elf.dir/FreeRTOS/Source/queue.c.obj
 .ARM.attributes
                0x000001df       0x2d CMakeFiles/satellite_fc.elf.dir/FreeRTOS/Source/list.c.obj
 .ARM.attributes
                0x0000020c       0x2d CMakeFiles/satellite_fc.elf.dir/FreeRTOS/Source/timers.c.obj
 .ARM.attributes
                0x00000239       0x2d CMakeFiles/satellite_fc.elf.dir/FreeRTOS/Source/portable/GCC/ARM_CM3/port.c.obj
 .ARM.attributes
                0x00000266       0x2d CMakeFiles/satellite_fc.elf.dir/FreeRTOS/Source/portable/MemMang/heap_4.c.obj
 .ARM.attributes
                0x00000293       0x2d C:/arm-toolchain/bin/../lib/gcc/arm-none-eabi/15.2.1/../../../../arm-none-eabi/lib/thumb/v7-m/nofp\libm.a(libm_a-sf_cos.o)
 .ARM.attributes
                0x000002c0       0x2d C:/arm-toolchain/bin/../lib/gcc/arm-none-eabi/15.2.1/../../../../arm-none-eabi/lib/thumb/v7-m/nofp\libm.a(libm_a-sf_sin.o)
 .ARM.attributes
                0x000002ed       0x2d C:/arm-toolchain/bin/../lib/gcc/arm-none-eabi/15.2.1/../../../../arm-none-eabi/lib/thumb/v7-m/nofp\libm.a(libm_a-kf_cos.o)
 .ARM.attributes
                0x0000031a       0x2d C:/arm-toolchain/bin/../lib/gcc/arm-none-eabi/15.2.1/../../../../arm-none-eabi/lib/thumb/v7-m/nofp\libm.a(libm_a-kf_sin.o)
 .ARM.attributes
                0x00000347       0x2d C:/arm-toolchain/bin/../lib/gcc/arm-none-eabi/15.2.1/../../../../arm-none-eabi/lib/thumb/v7-m/nofp\libm.a(libm_a-ef_rem_pio2.o)
 .ARM.attributes
                0x00000374       0x2d C:/arm-toolchain/bin/../lib/gcc/arm-none-eabi/15.2.1/../../../../arm-none-eabi/lib/thumb/v7-m/nofp\libm.a(libm_a-sf_fabs.o)
 .ARM.attributes
                0x000003a1       0x2d C:/arm-toolchain/bin/../lib/gcc/arm-none-eabi/15.2.1/../../../../arm-none-eabi/lib/thumb/v7-m/nofp\libm.a(libm_a-kf_rem_pio2.o)
 .ARM.attributes
                0x000003ce       0x2d C:/arm-toolchain/bin/../lib/gcc/arm-none-eabi/15.2.1/../../../../arm-none-eabi/lib/thumb/v7-m/nofp\libm.a(libm_a-sf_scalbn.o)
 .ARM.attributes
                0x000003fb       0x2d C:/arm-toolchain/bin/../lib/gcc/arm-none-eabi/15.2.1/../../../../arm-none-eabi/lib/thumb/v7-m/nofp\libm.a(libm_a-sf_floor.o)
 .ARM.attributes
                0x00000428       0x1d C:/arm-toolchain/bin/../lib/gcc/arm-none-eabi/15.2.1/thumb/v7-m/nofp\libgcc.a(_arm_mulsf3.o)
 .ARM.attributes
                0x00000445       0x1d C:/arm-toolchain/bin/../lib/gcc/arm-none-eabi/15.2.1/thumb/v7-m/nofp\libgcc.a(_arm_addsubsf3.o)
 .ARM.attributes
                0x00000462       0x1d C:/arm-toolchain/bin/../lib/gcc/arm-none-eabi/15.2.1/thumb/v7-m/nofp\libgcc.a(_arm_cmpsf2.o)
 .ARM.attributes
                0x0000047f       0x1d C:/arm-toolchain/bin/../lib/gcc/arm-none-eabi/15.2.1/thumb/v7-m/nofp\libgcc.a(_arm_fixsfsi.o)
 .ARM.attributes
                0x0000049c       0x2d C:/arm-toolchain/bin/../lib/gcc/arm-none-eabi/15.2.1/../../../../arm-none-eabi/lib/thumb/v7-m/nofp\libc_nano.a(libc_a-findfp.o)
 .ARM.attributes
                0x000004c9       0x2d C:/arm-toolchain/bin/../lib/gcc/arm-none-eabi/15.2.1/../../../../arm-none-eabi/lib/thumb/v7-m/nofp\libc_nano.a(libc_a-vsnprintf.o)
 .ARM.attributes
                0x000004f6       0x2d C:/arm-toolchain/bin/../lib/gcc/arm-none-eabi/15.2.1/../../../../arm-none-eabi/lib/thumb/v7-m/nofp\libc_nano.a(libc_a-memset.o)
 .ARM.attributes
                0x00000523       0x2d C:/arm-toolchain/bin/../lib/gcc/arm-none-eabi/15.2.1/../../../../arm-none-eabi/lib/thumb/v7-m/nofp\libc_nano.a(libc_a-reent.o)
 .ARM.attributes
                0x00000550       0x2d C:/arm-toolchain/bin/../lib/gcc/arm-none-eabi/15.2.1/../../../../arm-none-eabi/lib/thumb/v7-m/nofp\libc_nano.a(libc_a-impure.o)
 .ARM.attributes
                0x0000057d       0x2d C:/arm-toolchain/bin/../lib/gcc/arm-none-eabi/15.2.1/../../../../arm-none-eabi/lib/thumb/v7-m/nofp\libc_nano.a(libc_a-lock.o)
 .ARM.attributes
                0x000005aa       0x2d C:/arm-toolchain/bin/../lib/gcc/arm-none-eabi/15.2.1/../../../../arm-none-eabi/lib/thumb/v7-m/nofp\libc_nano.a(libc_a-memcpy-stub.o)
 .ARM.attributes
                0x000005d7       0x2d C:/arm-toolchain/bin/../lib/gcc/arm-none-eabi/15.2.1/../../../../arm-none-eabi/lib/thumb/v7-m/nofp\libc_nano.a(libc_a-freer.o)
 .ARM.attributes
                0x00000604       0x2d C:/arm-toolchain/bin/../lib/gcc/arm-none-eabi/15.2.1/../../../../arm-none-eabi/lib/thumb/v7-m/nofp\libc_nano.a(libc_a-mallocr.o)
 .ARM.attributes
                0x00000631       0x2d C:/arm-toolchain/bin/../lib/gcc/arm-none-eabi/15.2.1/../../../../arm-none-eabi/lib/thumb/v7-m/nofp\libc_nano.a(libc_a-mlock.o)
 .ARM.attributes
                0x0000065e       0x2d C:/arm-toolchain/bin/../lib/gcc/arm-none-eabi/15.2.1/../../../../arm-none-eabi/lib/thumb/v7-m/nofp\libc_nano.a(libc_a-nano-svfprintf.o)
 .ARM.attributes
                0x0000068b       0x2d C:/arm-toolchain/bin/../lib/gcc/arm-none-eabi/15.2.1/../../../../arm-none-eabi/lib/thumb/v7-m/nofp\libc_nano.a(libc_a-nano-vfprintf_i.o)
 .ARM.attributes
                0x000006b8       0x2d C:/arm-toolchain/bin/../lib/gcc/arm-none-eabi/15.2.1/../../../../arm-none-eabi/lib/thumb/v7-m/nofp\libc_nano.a(libc_a-memmove.o)
 .ARM.attributes
                0x000006e5       0x2d C:/arm-toolchain/bin/../lib/gcc/arm-none-eabi/15.2.1/../../../../arm-none-eabi/lib/thumb/v7-m/nofp\libc_nano.a(libc_a-sbrkr.o)
 .ARM.attributes
                0x00000712       0x2d C:/arm-toolchain/bin/../lib/gcc/arm-none-eabi/15.2.1/../../../../arm-none-eabi/lib/thumb/v7-m/nofp\libc_nano.a(libc_a-memchr-stub.o)
 .ARM.attributes
                0x0000073f       0x2d C:/arm-toolchain/bin/../lib/gcc/arm-none-eabi/15.2.1/../../../../arm-none-eabi/lib/thumb/v7-m/nofp\libc_nano.a(libc_a-reallocr.o)
 .ARM.attributes
                0x0000076c       0x2d C:/arm-toolchain/bin/../lib/gcc/arm-none-eabi/15.2.1/../../../../arm-none-eabi/lib/thumb/v7-m/nofp\libc_nano.a(libc_a-msizer.o)
 .ARM.attributes
                0x00000799       0x2d C:/arm-toolchain/bin/../lib/gcc/arm-none-eabi/15.2.1/../../../../arm-none-eabi/lib/thumb/v7-m/nofp\libnosys.a(sbrk.o)
 .ARM.attributes
                0x000007c6       0x1d C:/arm-toolchain/bin/../lib/gcc/arm-none-eabi/15.2.1/thumb/v7-m/nofp/crtn.o

.comment        0x00000000       0x45
 .comment       0x00000000       0x45 CMakeFiles/satellite_fc.elf.dir/src/startup.c.obj
                                 0x46 (size before relaxing)
 .comment       0x00000045        0x0 CMakeFiles/satellite_fc.elf.dir/src/main.c.obj
                                 0x46 (size before relaxing)
 .comment       0x00000045        0x0 CMakeFiles/satellite_fc.elf.dir/src/tasks/adcs_task.c.obj
                                 0x46 (size before relaxing)
 .comment       0x00000045        0x0 CMakeFiles/satellite_fc.elf.dir/src/tasks/telemetry_task.c.obj
                                 0x46 (size before relaxing)
 .comment       0x00000045        0x0 CMakeFiles/satellite_fc.elf.dir/src/tasks/health_monitor.c.obj
                                 0x46 (size before relaxing)
 .comment       0x00000045        0x0 CMakeFiles/satellite_fc.elf.dir/src/tasks/command_handler.c.obj
                                 0x46 (size before relaxing)
 .comment       0x00000045        0x0 CMakeFiles/satellite_fc.elf.dir/src/drivers/uart_driver.c.obj
                                 0x46 (size before relaxing)
 .comment       0x00000045        0x0 CMakeFiles/satellite_fc.elf.dir/src/drivers/watchdog.c.obj
                                 0x46 (size before relaxing)
 .comment       0x00000045        0x0 CMakeFiles/satellite_fc.elf.dir/FreeRTOS/Source/tasks.c.obj
                                 0x46 (size before relaxing)
 .comment       0x00000045        0x0 CMakeFiles/satellite_fc.elf.dir/FreeRTOS/Source/queue.c.obj
                                 0x46 (size before relaxing)
 .comment       0x00000045        0x0 CMakeFiles/satellite_fc.elf.dir/FreeRTOS/Source/list.c.obj
                                 0x46 (size before relaxing)
 .comment       0x00000045        0x0 CMakeFiles/satellite_fc.elf.dir/FreeRTOS/Source/timers.c.obj
                                 0x46 (size before relaxing)
 .comment       0x00000045        0x0 CMakeFiles/satellite_fc.elf.dir/FreeRTOS/Source/portable/GCC/ARM_CM3/port.c.obj
                                 0x46 (size before relaxing)
 .comment       0x00000045        0x0 CMakeFiles/satellite_fc.elf.dir/FreeRTOS/Source/portable/MemMang/heap_4.c.obj
                                 0x46 (size before relaxing)

.debug_frame    0x00000000      0x8f4
 .debug_frame   0x00000000       0x38 C:/arm-toolchain/bin/../lib/gcc/arm-none-eabi/15.2.1/../../../../arm-none-eabi/lib/thumb/v7-m/nofp\libm.a(libm_a-sf_cos.o)
 .debug_frame   0x00000038       0x38 C:/arm-toolchain/bin/../lib/gcc/arm-none-eabi/15.2.1/../../../../arm-none-eabi/lib/thumb/v7-m/nofp\libm.a(libm_a-sf_sin.o)
 .debug_frame   0x00000070       0x48 C:/arm-toolchain/bin/../lib/gcc/arm-none-eabi/15.2.1/../../../../arm-none-eabi/lib/thumb/v7-m/nofp\libm.a(libm_a-kf_cos.o)
 .debug_frame   0x000000b8       0x44 C:/arm-toolchain/bin/../lib/gcc/arm-none-eabi/15.2.1/../../../../arm-none-eabi/lib/thumb/v7-m/nofp\libm.a(libm_a-kf_sin.o)
 .debug_frame   0x000000fc       0x58 C:/arm-toolchain/bin/../lib/gcc/arm-none-eabi/15.2.1/../../../../arm-none-eabi/lib/thumb/v7-m/nofp\libm.a(libm_a-ef_rem_pio2.o)
 .debug_frame   0x00000154       0x20 C:/arm-toolchain/bin/../lib/gcc/arm-none-eabi/15.2.1/../../../../arm-none-eabi/lib/thumb/v7-m/nofp\libm.a(libm_a-sf_fabs.o)
 .debug_frame   0x00000174       0x50 C:/arm-toolchain/bin/../lib/gcc/arm-none-eabi/15.2.1/../../../../arm-none-eabi/lib/thumb/v7-m/nofp\libm.a(libm_a-kf_rem_pio2.o)
 .debug_frame   0x000001c4       0x34 C:/arm-toolchain/bin/../lib/gcc/arm-none-eabi/15.2.1/../../../../arm-none-eabi/lib/thumb/v7-m/nofp\libm.a(libm_a-sf_scalbn.o)
 .debug_frame   0x000001f8       0x40 C:/arm-toolchain/bin/../lib/gcc/arm-none-eabi/15.2.1/../../../../arm-none-eabi/lib/thumb/v7-m/nofp\libm.a(libm_a-sf_floor.o)
 .debug_frame   0x00000238       0x24 C:/arm-toolchain/bin/../lib/gcc/arm-none-eabi/15.2.1/thumb/v7-m/nofp\libgcc.a(_arm_mulsf3.o)
 .debug_frame   0x0000025c       0x4c C:/arm-toolchain/bin/../lib/gcc/arm-none-eabi/15.2.1/thumb/v7-m/nofp\libgcc.a(_arm_addsubsf3.o)
 .debug_frame   0x000002a8       0xc8 C:/arm-toolchain/bin/../lib/gcc/arm-none-eabi/15.2.1/thumb/v7-m/nofp\libgcc.a(_arm_cmpsf2.o)
 .debug_frame   0x00000370       0x24 C:/arm-toolchain/bin/../lib/gcc/arm-none-eabi/15.2.1/thumb/v7-m/nofp\libgcc.a(_arm_fixsfsi.o)
 .debug_frame   0x00000394      0x144 C:/arm-toolchain/bin/../lib/gcc/arm-none-eabi/15.2.1/../../../../arm-none-eabi/lib/thumb/v7-m/nofp\libc_nano.a(libc_a-findfp.o)
 .debug_frame   0x000004d8       0x4c C:/arm-toolchain/bin/../lib/gcc/arm-none-eabi/15.2.1/../../../../arm-none-eabi/lib/thumb/v7-m/nofp\libc_nano.a(libc_a-vsnprintf.o)
 .debug_frame   0x00000524       0x20 C:/arm-toolchain/bin/../lib/gcc/arm-none-eabi/15.2.1/../../../../arm-none-eabi/lib/thumb/v7-m/nofp\libc_nano.a(libc_a-memset.o)
 .debug_frame   0x00000544       0x38 C:/arm-toolchain/bin/../lib/gcc/arm-none-eabi/15.2.1/../../../../arm-none-eabi/lib/thumb/v7-m/nofp\libc_nano.a(libc_a-reent.o)
 .debug_frame   0x0000057c       0xb0 C:/arm-toolchain/bin/../lib/gcc/arm-none-eabi/15.2.1/../../../../arm-none-eabi/lib/thumb/v7-m/nofp\libc_nano.a(libc_a-lock.o)
 .debug_frame   0x0000062c       0x28 C:/arm-toolchain/bin/../lib/gcc/arm-none-eabi/15.2.1/../../../../arm-none-eabi/lib/thumb/v7-m/nofp\libc_nano.a(libc_a-memcpy-stub.o)
 .debug_frame   0x00000654       0x38 C:/arm-toolchain/bin/../lib/gcc/arm-none-eabi/15.2.1/../../../../arm-none-eabi/lib/thumb/v7-m/nofp\libc_nano.a(libc_a-freer.o)
 .debug_frame   0x0000068c       0x50 C:/arm-toolchain/bin/../lib/gcc/arm-none-eabi/15.2.1/../../../../arm-none-eabi/lib/thumb/v7-m/nofp\libc_nano.a(libc_a-mallocr.o)
 .debug_frame   0x000006dc       0x30 C:/arm-toolchain/bin/../lib/gcc/arm-none-eabi/15.2.1/../../../../arm-none-eabi/lib/thumb/v7-m/nofp\libc_nano.a(libc_a-mlock.o)
 .debug_frame   0x0000070c       0x90 C:/arm-toolchain/bin/../lib/gcc/arm-none-eabi/15.2.1/../../../../arm-none-eabi/lib/thumb/v7-m/nofp\libc_nano.a(libc_a-nano-svfprintf.o)
 .debug_frame   0x0000079c       0x60 C:/arm-toolchain/bin/../lib/gcc/arm-none-eabi/15.2.1/../../../../arm-none-eabi/lib/thumb/v7-m/nofp\libc_nano.a(libc_a-nano-vfprintf_i.o)
 .debug_frame   0x000007fc       0x28 C:/arm-toolchain/bin/../lib/gcc/arm-none-eabi/15.2.1/../../../../arm-none-eabi/lib/thumb/v7-m/nofp\libc_nano.a(libc_a-memmove.o)
 .debug_frame   0x00000824       0x2c C:/arm-toolchain/bin/../lib/gcc/arm-none-eabi/15.2.1/../../../../arm-none-eabi/lib/thumb/v7-m/nofp\libc_nano.a(libc_a-sbrkr.o)
 .debug_frame   0x00000850       0x28 C:/arm-toolchain/bin/../lib/gcc/arm-none-eabi/15.2.1/../../../../arm-none-eabi/lib/thumb/v7-m/nofp\libc_nano.a(libc_a-memchr-stub.o)
 .debug_frame   0x00000878       0x3c C:/arm-toolchain/bin/../lib/gcc/arm-none-eabi/15.2.1/../../../../arm-none-eabi/lib/thumb/v7-m/nofp\libc_nano.a(libc_a-reallocr.o)
 .debug_frame   0x000008b4       0x20 C:/arm-toolchain/bin/../lib/gcc/arm-none-eabi/15.2.1/../../../../arm-none-eabi/lib/thumb/v7-m/nofp\libc_nano.a(libc_a-msizer.o)
 .debug_frame   0x000008d4       0x20 C:/arm-toolchain/bin/../lib/gcc/arm-none-eabi/15.2.1/../../../../arm-none-eabi/lib/thumb/v7-m/nofp\libnosys.a(sbrk.o)

.debug_line_str
                0x00000000       0xca
 .debug_line_str
                0x00000000       0xca C:/arm-toolchain/bin/../lib/gcc/arm-none-eabi/15.2.1/thumb/v7-m/nofp\libgcc.a(_arm_mulsf3.o)
 .debug_line_str
                0x000000ca        0x0 C:/arm-toolchain/bin/../lib/gcc/arm-none-eabi/15.2.1/thumb/v7-m/nofp\libgcc.a(_arm_addsubsf3.o)
                                 0xca (size before relaxing)
 .debug_line_str
                0x000000ca        0x0 C:/arm-toolchain/bin/../lib/gcc/arm-none-eabi/15.2.1/thumb/v7-m/nofp\libgcc.a(_arm_cmpsf2.o)
                                 0xca (size before relaxing)
 .debug_line_str
                0x000000ca        0x0 C:/arm-toolchain/bin/../lib/gcc/arm-none-eabi/15.2.1/thumb/v7-m/nofp\libgcc.a(_arm_fixsfsi.o)
                                 0xca (size before relaxing)
