2392 : 2026-09-02 20:04:49,844 : INFO : telemetry.main : Attempt start. Configuration directory [~\.azure]. Cache directory [~\.azure\telemetry\20260902200449589].
2392 : 2026-09-02 20:04:49,860 : INFO : telemetry.records : 1 cache files to upload.
2392 : 2026-09-02 20:04:49,867 : INFO : telemetry.records : Processed file ~\.azure\telemetry\20260902200449589\cache into 1 records.
2392 : 2026-09-02 20:04:49,868 : INFO : telemetry.records : Remove directory ~\.azure\telemetry\20260902200449589
2392 : 2026-09-02 20:04:49,904 : INFO : telemetry.client : Accumulated 1 events. Flush the clients.
2392 : 2026-09-02 20:04:49,904 : INFO : telemetry.client : Flush client c4395b75-49cc-422c-bc95-c7d51aef5d46.
2392 : 2026-09-02 20:04:50,136 : INFO : telemetry.sender : Sending 3830 bytes
2392 : 2026-09-02 20:04:50,136 : INFO : telemetry.sender : Finish uploading in 0.231569 seconds.
24948 : 2026-09-02 20:07:14,311 : INFO : telemetry.main : Attempt start. Configuration directory [~\.azure]. Cache directory [~\.azure\telemetry\20260902200714086].
24948 : 2026-09-02 20:07:14,329 : INFO : telemetry.records : 1 cache files to upload.
24948 : 2026-09-02 20:07:14,335 : INFO : telemetry.records : Processed file ~\.azure\telemetry\20260902200714086\cache into 1 records.
24948 : 2026-09-02 20:07:14,336 : INFO : telemetry.records : Remove directory ~\.azure\telemetry\20260902200714086
24948 : 2026-09-02 20:07:14,373 : INFO : telemetry.client : Accumulated 1 events. Flush the clients.
24948 : 2026-09-02 20:07:14,373 : INFO : telemetry.client : Flush client c4395b75-49cc-422c-bc95-c7d51aef5d46.
24948 : 2026-09-02 20:07:14,626 : INFO : telemetry.sender : Sending 4781 bytes
24948 : 2026-09-02 20:07:14,626 : INFO : telemetry.sender : Finish uploading in 0.252831 seconds.
9192 : 2026-09-02 20:07:42,689 : INFO : telemetry.main : Attempt start. Configuration directory [~\.azure]. Cache directory [~\.azure\telemetry\20260902200742472].
9192 : 2026-09-02 20:07:42,705 : INFO : telemetry.records : 1 cache files to upload.
9192 : 2026-09-02 20:07:42,711 : INFO : telemetry.records : Processed file ~\.azure\telemetry\20260902200742472\cache into 1 records.
9192 : 2026-09-02 20:07:42,712 : INFO : telemetry.records : Remove directory ~\.azure\telemetry\20260902200742472
9192 : 2026-09-02 20:07:42,750 : INFO : telemetry.client : Accumulated 1 events. Flush the clients.
9192 : 2026-09-02 20:07:42,750 : INFO : telemetry.client : Flush client c4395b75-49cc-422c-bc95-c7d51aef5d46.
9192 : 2026-09-02 20:07:42,991 : INFO : telemetry.sender : Sending 4211 bytes
9192 : 2026-09-02 20:07:42,991 : INFO : telemetry.sender : Finish uploading in 0.240789 seconds.
92 : 2026-09-02 20:08:02,793 : INFO : telemetry.main : Attempt start. Configuration directory [~\.azure]. Cache directory [~\.azure\telemetry\20260902200802560].
92 : 2026-09-02 20:08:02,811 : INFO : telemetry.records : 1 cache files to upload.
92 : 2026-09-02 20:08:02,818 : INFO : telemetry.records : Processed file ~\.azure\telemetry\20260902200802560\cache into 1 records.
92 : 2026-09-02 20:08:02,819 : INFO : telemetry.records : Remove directory ~\.azure\telemetry\20260902200802560
92 : 2026-09-02 20:08:02,860 : INFO : telemetry.client : Accumulated 1 events. Flush the clients.
92 : 2026-09-02 20:08:02,860 : INFO : telemetry.client : Flush client c4395b75-49cc-422c-bc95-c7d51aef5d46.
92 : 2026-09-02 20:08:03,096 : INFO : telemetry.sender : Sending 5176 bytes
92 : 2026-09-02 20:08:03,096 : INFO : telemetry.sender : Finish uploading in 0.235911 seconds.
8404 : 2026-09-02 20:10:10,360 : INFO : telemetry.main : Attempt start. Configuration directory [~\.azure]. Cache directory [~\.azure\telemetry\20260902201010141].
8404 : 2026-09-02 20:10:10,377 : INFO : telemetry.records : 1 cache files to upload.
8404 : 2026-09-02 20:10:10,384 : INFO : telemetry.records : Processed file ~\.azure\telemetry\20260902201010141\cache into 1 records.
8404 : 2026-09-02 20:10:10,385 : INFO : telemetry.records : Remove directory ~\.azure\telemetry\20260902201010141
8404 : 2026-09-02 20:10:10,420 : INFO : telemetry.client : Accumulated 1 events. Flush the clients.
8404 : 2026-09-02 20:10:10,420 : INFO : telemetry.client : Flush client c4395b75-49cc-422c-bc95-c7d51aef5d46.
8404 : 2026-09-02 20:10:10,639 : INFO : telemetry.sender : Sending 4215 bytes
8404 : 2026-09-02 20:10:10,640 : INFO : telemetry.sender : Finish uploading in 0.219698 seconds.
21132 : 2026-09-02 20:15:34,193 : INFO : telemetry.main : Attempt start. Configuration directory [~\.azure]. Cache directory [~\.azure\telemetry\20260902201533976].
21132 : 2026-09-02 20:15:34,211 : INFO : telemetry.records : 1 cache files to upload.
21132 : 2026-09-02 20:15:34,218 : INFO : telemetry.records : Processed file ~\.azure\telemetry\20260902201533976\cache into 1 records.
21132 : 2026-09-02 20:15:34,219 : INFO : telemetry.records : Remove directory ~\.azure\telemetry\20260902201533976
21132 : 2026-09-02 20:15:34,254 : INFO : telemetry.client : Accumulated 1 events. Flush the clients.
21132 : 2026-09-02 20:15:34,254 : INFO : telemetry.client : Flush client c4395b75-49cc-422c-bc95-c7d51aef5d46.
21132 : 2026-09-02 20:15:34,523 : INFO : telemetry.sender : Sending 4215 bytes
21132 : 2026-09-02 20:15:34,524 : INFO : telemetry.sender : Finish uploading in 0.269107 seconds.
14260 : 2026-09-02 20:16:28,219 : INFO : telemetry.main : Attempt start. Configuration directory [~\.azure]. Cache directory [~\.azure\telemetry\20260902201628006].
14260 : 2026-09-02 20:16:28,237 : INFO : telemetry.records : 1 cache files to upload.
14260 : 2026-09-02 20:16:28,244 : INFO : telemetry.records : Processed file ~\.azure\telemetry\20260902201628006\cache into 1 records.
14260 : 2026-09-02 20:16:28,245 : INFO : telemetry.records : Remove directory ~\.azure\telemetry\20260902201628006
14260 : 2026-09-02 20:16:28,279 : INFO : telemetry.client : Accumulated 1 events. Flush the clients.
14260 : 2026-09-02 20:16:28,279 : INFO : telemetry.client : Flush client c4395b75-49cc-422c-bc95-c7d51aef5d46.
14260 : 2026-09-02 20:16:28,521 : INFO : telemetry.sender : Sending 4211 bytes
14260 : 2026-09-02 20:16:28,521 : INFO : telemetry.sender : Finish uploading in 0.241820 seconds.
13800 : 2026-09-02 20:16:50,326 : INFO : telemetry.main : Attempt start. Configuration directory [~\.azure]. Cache directory [~\.azure\telemetry\20260902201650113].
13800 : 2026-09-02 20:16:50,342 : INFO : telemetry.records : 1 cache files to upload.
13800 : 2026-09-02 20:16:50,349 : INFO : telemetry.records : Processed file ~\.azure\telemetry\20260902201650113\cache into 1 records.
13800 : 2026-09-02 20:16:50,350 : INFO : telemetry.records : Remove directory ~\.azure\telemetry\20260902201650113
13800 : 2026-09-02 20:16:50,387 : INFO : telemetry.client : Accumulated 1 events. Flush the clients.
13800 : 2026-09-02 20:16:50,387 : INFO : telemetry.client : Flush client c4395b75-49cc-422c-bc95-c7d51aef5d46.
13800 : 2026-09-02 20:16:50,627 : INFO : telemetry.sender : Sending 4215 bytes
13800 : 2026-09-02 20:16:50,627 : INFO : telemetry.sender : Finish uploading in 0.240209 seconds.
24320 : 2026-09-02 20:18:25,909 : INFO : telemetry.main : Attempt start. Configuration directory [~\.azure]. Cache directory [~\.azure\telemetry\20260902201825682].
24320 : 2026-09-02 20:18:25,926 : INFO : telemetry.records : 1 cache files to upload.
24320 : 2026-09-02 20:18:25,932 : INFO : telemetry.records : Processed file ~\.azure\telemetry\20260902201825682\cache into 1 records.
24320 : 2026-09-02 20:18:25,932 : INFO : telemetry.records : Remove directory ~\.azure\telemetry\20260902201825682
24320 : 2026-09-02 20:18:25,978 : INFO : telemetry.client : Accumulated 1 events. Flush the clients.
24320 : 2026-09-02 20:18:25,978 : INFO : telemetry.client : Flush client c4395b75-49cc-422c-bc95-c7d51aef5d46.
24320 : 2026-09-02 20:18:26,224 : INFO : telemetry.sender : Sending 4328 bytes
24320 : 2026-09-02 20:18:26,224 : INFO : telemetry.sender : Finish uploading in 0.245106 seconds.
18952 : 2026-09-02 20:34:06,449 : INFO : telemetry.main : Attempt start. Configuration directory [~\.azure]. Cache directory [~\.azure\telemetry\20260902203406204].
18952 : 2026-09-02 20:34:06,469 : INFO : telemetry.records : 1 cache files to upload.
18952 : 2026-09-02 20:34:06,475 : INFO : telemetry.records : Processed file ~\.azure\telemetry\20260902203406204\cache into 1 records.
18952 : 2026-09-02 20:34:06,476 : INFO : telemetry.records : Remove directory ~\.azure\telemetry\20260902203406204
18952 : 2026-09-02 20:34:06,511 : INFO : telemetry.client : Accumulated 1 events. Flush the clients.
18952 : 2026-09-02 20:34:06,511 : INFO : telemetry.client : Flush client c4395b75-49cc-422c-bc95-c7d51aef5d46.
18952 : 2026-09-02 20:34:06,739 : INFO : telemetry.sender : Sending 4221 bytes
18952 : 2026-09-02 20:34:06,739 : INFO : telemetry.sender : Finish uploading in 0.228414 seconds.
28740 : 2026-09-02 20:37:31,293 : INFO : telemetry.main : Attempt start. Configuration directory [~\.azure]. Cache directory [~\.azure\telemetry\20260902203731073].
28740 : 2026-09-02 20:37:31,310 : INFO : telemetry.records : 1 cache files to upload.
28740 : 2026-09-02 20:37:31,316 : INFO : telemetry.records : Processed file ~\.azure\telemetry\20260902203731073\cache into 1 records.
28740 : 2026-09-02 20:37:31,316 : INFO : telemetry.records : Remove directory ~\.azure\telemetry\20260902203731073
28740 : 2026-09-02 20:37:31,350 : INFO : telemetry.client : Accumulated 1 events. Flush the clients.
28740 : 2026-09-02 20:37:31,351 : INFO : telemetry.client : Flush client c4395b75-49cc-422c-bc95-c7d51aef5d46.
28740 : 2026-09-02 20:37:31,627 : INFO : telemetry.sender : Sending 4229 bytes
28740 : 2026-09-02 20:37:31,627 : INFO : telemetry.sender : Finish uploading in 0.276272 seconds.
22140 : 2026-09-02 20:37:43,159 : INFO : telemetry.main : Attempt start. Configuration directory [~\.azure]. Cache directory [~\.azure\telemetry\20260902203742928].
22140 : 2026-09-02 20:37:43,177 : INFO : telemetry.records : 1 cache files to upload.
22140 : 2026-09-02 20:37:43,185 : INFO : telemetry.records : Processed file ~\.azure\telemetry\20260902203742928\cache into 1 records.
22140 : 2026-09-02 20:37:43,186 : INFO : telemetry.records : Remove directory ~\.azure\telemetry\20260902203742928
22140 : 2026-09-02 20:37:43,220 : INFO : telemetry.client : Accumulated 1 events. Flush the clients.
22140 : 2026-09-02 20:37:43,220 : INFO : telemetry.client : Flush client c4395b75-49cc-422c-bc95-c7d51aef5d46.
22140 : 2026-09-02 20:37:43,463 : INFO : telemetry.sender : Sending 4237 bytes
22140 : 2026-09-02 20:37:43,463 : INFO : telemetry.sender : Finish uploading in 0.243221 seconds.
